Archive member included because of file (symbol)

c:\Users\NRAI-02\AppData\Roaming\Code\User\globalStorage\vexrobotics.vexcode\sdk\cpp\V5\V5_20240802_15_00_00/vexv5\libv5rt.a(v5_startup.c.obj)
                              (vexStartup)
c:\Users\NRAI-02\AppData\Roaming\Code\User\globalStorage\vexrobotics.vexcode\sdk\cpp\V5\V5_20240802_15_00_00/vexv5\libv5rt.a(v5_util.c.obj)
                              c:\Users\NRAI-02\AppData\Roaming\Code\User\globalStorage\vexrobotics.vexcode\sdk\cpp\V5\V5_20240802_15_00_00/vexv5\libv5rt.a(v5_startup.c.obj) (vexStdlibVersionLinked)
c:\Users\NRAI-02\AppData\Roaming\Code\User\globalStorage\vexrobotics.vexcode\sdk\cpp\V5\V5_20240802_15_00_00/vexv5\libv5rt.a(v5_apijump.c.obj)
                              c:\Users\NRAI-02\AppData\Roaming\Code\User\globalStorage\vexrobotics.vexcode\sdk\cpp\V5\V5_20240802_15_00_00/vexv5\libv5rt.a(v5_startup.c.obj) (vexPrivateApiEnable)
c:\Users\NRAI-02\AppData\Roaming\Code\User\globalStorage\vexrobotics.vexcode\sdk\cpp\V5\V5_20240802_15_00_00/vexv5\libv5rt.a(v5_apiversions.c.obj)
                              c:\Users\NRAI-02\AppData\Roaming\Code\User\globalStorage\vexrobotics.vexcode\sdk\cpp\V5\V5_20240802_15_00_00/vexv5\libv5rt.a(v5_apijump.c.obj) (vexSystemVersion)
c:\Users\NRAI-02\AppData\Roaming\Code\User\globalStorage\vexrobotics.vexcode\sdk\cpp\V5\V5_20240802_15_00_00/vexv5\libv5rt.a(vex_global.cpp.obj)
                              build/src/main.o (vex::wait(double, vex::timeUnits))
c:\Users\NRAI-02\AppData\Roaming\Code\User\globalStorage\vexrobotics.vexcode\sdk\cpp\V5\V5_20240802_15_00_00/vexv5\libv5rt.a(vex_motor.cpp.obj)
                              build/src/robot-config.o (vex::motor::~motor())
c:\Users\NRAI-02\AppData\Roaming\Code\User\globalStorage\vexrobotics.vexcode\sdk\cpp\V5\V5_20240802_15_00_00/vexv5\libv5rt.a(vex_imu.cpp.obj)
                              build/src/main.o (vex::inertial::setHeading(double, vex::rotationUnits))
c:\Users\NRAI-02\AppData\Roaming\Code\User\globalStorage\vexrobotics.vexcode\sdk\cpp\V5\V5_20240802_15_00_00/vexv5\libv5rt.a(vex_rotation.cpp.obj)
                              build/src/robot-config.o (vex::rotation::~rotation())
c:\Users\NRAI-02\AppData\Roaming\Code\User\globalStorage\vexrobotics.vexcode\sdk\cpp\V5\V5_20240802_15_00_00/vexv5\libv5rt.a(vex_controller.cpp.obj)
                              build/src/robot-config.o (vex::controller::~controller())
c:\Users\NRAI-02\AppData\Roaming\Code\User\globalStorage\vexrobotics.vexcode\sdk\cpp\V5\V5_20240802_15_00_00/vexv5\libv5rt.a(vex_task.cpp.obj)
                              build/src/main.o (vex::task::task(int (*)()))
c:\Users\NRAI-02\AppData\Roaming\Code\User\globalStorage\vexrobotics.vexcode\sdk\cpp\V5\V5_20240802_15_00_00/vexv5\libv5rt.a(vex_thread.cpp.obj)
                              build/src/main.o (vex::thread::thread(int (*)()))
c:\Users\NRAI-02\AppData\Roaming\Code\User\globalStorage\vexrobotics.vexcode\sdk\cpp\V5\V5_20240802_15_00_00/vexv5\libv5rt.a(vex_event.cpp.obj)
                              c:\Users\NRAI-02\AppData\Roaming\Code\User\globalStorage\vexrobotics.vexcode\sdk\cpp\V5\V5_20240802_15_00_00/vexv5\libv5rt.a(vex_imu.cpp.obj) (vex::event::init(unsigned long, unsigned long, void (*)()))
c:\Users\NRAI-02\AppData\Roaming\Code\User\globalStorage\vexrobotics.vexcode\sdk\cpp\V5\V5_20240802_15_00_00/vexv5\libv5rt.a(vex_mevent.cpp.obj)
                              c:\Users\NRAI-02\AppData\Roaming\Code\User\globalStorage\vexrobotics.vexcode\sdk\cpp\V5\V5_20240802_15_00_00/vexv5\libv5rt.a(vex_controller.cpp.obj) (vex::mevent::mevent(unsigned long, unsigned long))
c:\Users\NRAI-02\AppData\Roaming\Code\User\globalStorage\vexrobotics.vexcode\sdk\cpp\V5\V5_20240802_15_00_00/vexv5\libv5rt.a(vex_brain.cpp.obj)
                              build/src/main.o (vex::brain::timer(vex::timeUnits))
c:\Users\NRAI-02\AppData\Roaming\Code\User\globalStorage\vexrobotics.vexcode\sdk\cpp\V5\V5_20240802_15_00_00/vexv5\libv5rt.a(vex_competition.cpp.obj)
                              build/src/main.o (vex::competition::competition())
c:\Users\NRAI-02\AppData\Roaming\Code\User\globalStorage\vexrobotics.vexcode\sdk\cpp\V5\V5_20240802_15_00_00/vexv5\libv5rt.a(vex_triport.cpp.obj)
                              c:\Users\NRAI-02\AppData\Roaming\Code\User\globalStorage\vexrobotics.vexcode\sdk\cpp\V5\V5_20240802_15_00_00/vexv5\libv5rt.a(vex_brain.cpp.obj) (vex::triport::~triport())
c:\Users\NRAI-02\AppData\Roaming\Code\User\globalStorage\vexrobotics.vexcode\sdk\cpp\V5\V5_20240802_15_00_00/vexv5\libv5rt.a(vex_color.cpp.obj)
                              c:\Users\NRAI-02\AppData\Roaming\Code\User\globalStorage\vexrobotics.vexcode\sdk\cpp\V5\V5_20240802_15_00_00/vexv5\libv5rt.a(vex_brain.cpp.obj) (vex::color::operator unsigned long() const)
c:\Users\NRAI-02\AppData\Roaming\Code\User\globalStorage\vexrobotics.vexcode\sdk\cpp\V5\V5_20240802_15_00_00/vexv5\libv5rt.a(vex_timer.cpp.obj)
[...]
Memory Configuration

Name             Origin             Length             Attributes
ps7_ddr_0_S_AXI_BASEADDR 0x03800000         0x04800000
*default*        0x00000000         0xffffffff

Linker script and memory map

                0x00002000                _STACK_SIZE = DEFINED (_STACK_SIZE)?_STACK_SIZE:0x2000
                0x00100000                _HEAP_SIZE = DEFINED (_HEAP_SIZE)?_HEAP_SIZE:0x100000
                0x00000400                _ABORT_STACK_SIZE = DEFINED (_ABORT_STACK_SIZE)?_ABORT_STACK_SIZE:0x400
                0x00000800                _SUPERVISOR_STACK_SIZE = DEFINED (_SUPERVISOR_STACK_SIZE)?_SUPERVISOR_STACK_SIZE:0x800
                0x00000400                _IRQ_STACK_SIZE = DEFINED (_IRQ_STACK_SIZE)?_IRQ_STACK_SIZE:0x400
                0x00000400                _FIQ_STACK_SIZE = DEFINED (_FIQ_STACK_SIZE)?_FIQ_STACK_SIZE:0x400
                0x00000400                _UNDEF_STACK_SIZE = DEFINED (_UNDEF_STACK_SIZE)?_UNDEF_STACK_SIZE:0x400

.text           0x03800000     0xd938
 *(.vectors)
 *(.boot_data)
 .boot_data     0x03800000       0x20 c:\Users\NRAI-02\AppData\Roaming\Code\User\globalStorage\vexrobotics.vexcode\sdk\cpp\V5\V5_20240802_15_00_00/vexv5\libv5rt.a(v5_startup.c.obj)
                0x03800000                vexCodeSig
                0x00000020                . = 0x20
 *(.boot)
 .boot          0x03800020       0xbc c:\Users\NRAI-02\AppData\Roaming\Code\User\globalStorage\vexrobotics.vexcode\sdk\cpp\V5\V5_20240802_15_00_00/vexv5\libv5rt.a(v5_startup.c.obj)
                0x03800020                vexStartup
                0x03800100                . = ALIGN (0x40)
 *fill*         0x038000dc       0x24 
 *(.freertos_vectors)
 *(.text)
 .text          0x03800100       0x3a c:\Users\NRAI-02\AppData\Roaming\Code\User\globalStorage\vexrobotics.vexcode\sdk\cpp\V5\V5_20240802_15_00_00/vexv5/gcc/libs\libc.a(lib_a-aeabi_memmove-soft.o)
                0x03800100                __aeabi_memmove4
                0x03800100                __aeabi_memmove
                0x03800100                __aeabi_memmove8
 .text          0x0380013a       0x9a c:\Users\NRAI-02\AppData\Roaming\Code\User\globalStorage\vexrobotics.vexcode\sdk\cpp\V5\V5_20240802_15_00_00/vexv5/gcc/libs\libc.a(lib_a-aeabi_memset-soft.o)
                0x0380013a                __aeabi_memset8
                0x0380013a                __aeabi_memset
                0x0380013a                __aeabi_memset4
 *(.text.*)
 .text.__cxx_global_array_dtor
                0x038001d4       0x2c build/src/main.o
 .text._Z13BlueRed_4L_3Tv
                0x03800200      0x310 build/src/main.o
                0x03800200                BlueRed_4L_3T()
 .text._Z9hood_taskv
                0x03800510       0x50 build/src/main.o
                0x03800510                hood_task()
 .text._Z13dropdown_taskv
                0x03800560       0x40 build/src/main.o
                0x03800560                dropdown_task()
 .text._Z14dropdown_task2v
                0x038005a0       0x40 build/src/main.o
                0x038005a0                dropdown_task2()
 .text._Z13BlueRed_4L_3Sv
                0x038005e0      0x3b8 build/src/main.o
                0x038005e0                BlueRed_4L_3S()
 .text._Z17SoloAWP_ShortSidev
                0x03800998      0x590 build/src/main.o
                0x03800998                SoloAWP_ShortSide()
 .text._Z10hoodskillsv
                0x03800f28       0x40 build/src/main.o
                0x03800f28                hoodskills()
 .text._Z6skillsv
                0x03800f68      0x6d0 build/src/main.o
                0x03800f68                skills()
 .text._Z15ballstop_togglev
                0x03801638       0x50 build/src/main.o
                0x03801638                ballstop_toggle()
 .text._Z15dropdown_togglev
                0x03801688       0x50 build/src/main.o
                0x03801688                dropdown_toggle()
 .text._Z13height_togglev
                0x038016d8       0x50 build/src/main.o
                0x038016d8                height_toggle()
 .text._ZNSt5dequeIdSaIdEED2Ev
                0x03801728        0x4 build/src/main.o
                0x03801728                std::deque<double, std::allocator<double> >::~deque()
 *fill*         0x0380172c        0x4 
 .text._Z10drive_testv
                0x03801730      0x370 build/src/main.o
                0x03801730                drive_test()
 .text._ZN3PID6updateEd
                0x03801aa0       0xac build/src/main.o
                0x03801aa0                PID::update(double)
 *fill*         0x03801b4c        0x4 
 .text._Z9turn_testv
                0x03801b50      0x3d8 build/src/main.o
                0x03801b50                turn_test()
 .text._ZNSt5dequeIdSaIdEE8pop_backEv
                0x03801f28       0x50 build/src/main.o
                0x03801f28                std::deque<double, std::allocator<double> >::pop_back()
 .text.__cxx_global_array_dtor.27
                0x03801f78       0x2c build/src/main.o
 .text.__cxx_global_array_dtor.34
                0x03801fa4       0x2c build/src/main.o
 .text.__cxx_global_array_dtor.41
                0x03801fd0       0x2c build/src/main.o
 .text._Z13makeintbuttoniiiiRiiSsSsSs
                0x03801ffc      0x148 build/src/main.o
                0x03801ffc                makeintbutton(int, int, int, int, int&, int, std::string, std::string, std::string)
 .text._Z10autobuttoniiiiiSsSsSs
                0x03802144      0x170 build/src/main.o
                0x03802144                autobutton(int, int, int, int, int, std::string, std::string, std::string)
 .text._Z12runintbuttoniiiiPFivESsSsSs
                0x038022b4      0x160 build/src/main.o
                0x038022b4                runintbutton(int, int, int, int, int (*)(), std::string, std::string, std::string)
 *fill*         0x03802414        0x4 
 .text._Z9drawrobotv
                0x03802418      0x2e0 build/src/main.o
                0x03802418                drawrobot()
 .text._Z8X_slideriiiiRdfSsSs
                0x038026f8      0x2b8 build/src/main.o
                0x038026f8                X_slider(int, int, int, int, double&, float, std::string, std::string)
 .text._Z8Y_slideriiiiRdfSsSs
                0x038029b0      0x2b8 build/src/main.o
                0x038029b0                Y_slider(int, int, int, int, double&, float, std::string, std::string)
 .text._Z12circleslideriiiiRdSsSs
                0x03802c68      0x150 build/src/main.o
                0x03802c68                circleslider(int, int, int, int, double&, std::string, std::string)
 .text._Z10Graph_DataiiiiSsRKSt5dequeIdSaIdEE
                0x03802db8      0x26c build/src/main.o
                0x03802db8                Graph_Data(int, int, int, int, std::string, std::deque<double, std::allocator<double> > const&)
 .text._Z13PID_Turn_Testv
                0x03803024       0x50 build/src/main.o
                0x03803024                PID_Turn_Test()
 .text._ZNSt5dequeIdSaIdEE5clearEv
                0x03803074       0x48 build/src/main.o
                0x03803074                std::deque<double, std::allocator<double> >::clear()
 .text._Z14PID_Drive_Testv
                0x038030bc       0x64 build/src/main.o
                0x038030bc                PID_Drive_Test()
 .text._Z11Reset_Robotv
                0x03803120       0x3c build/src/main.o
                0x03803120                Reset_Robot()
 .text._ZN3vex8inertial9calibrateEl
                0x0380315c        0x4 build/src/main.o
                0x0380315c                vex::inertial::calibrate(long)
 .text._Z11ScreenCasesv
                0x03803160     0x2420 build/src/main.o
                0x03803160                ScreenCases()
 .text._Z14Screen_Managerv
                0x03805580      0x118 build/src/main.o
                0x03805580                Screen_Manager()
 .text.__cxx_global_array_dtor.87
                0x03805698       0x2c build/src/main.o
 .text.__cxx_global_array_dtor.93
                0x038056c4       0x2c build/src/main.o
 .text._Z9printinfov
                0x038056f0      0x364 build/src/main.o
                0x038056f0                printinfo()
 .text._Z9pre_autonv
                0x03805a54       0xc0 build/src/main.o
                0x03805a54                pre_auton()
 *fill*         0x03805b14        0x4 
 .text._Z10autonomousv
                0x03805b18       0xd8 build/src/main.o
                0x03805b18                autonomous()
 .text._Z11usercontrolv
                0x03805bf0      0x230 build/src/main.o
                0x03805bf0                usercontrol()
 .text.main     0x03805e20       0x68 build/src/main.o
                0x03805e20                main
 .text._ZNSt5dequeIdSaIdEE21_M_default_initializeEv
                0x03805e88       0x58 build/src/main.o
                0x03805e88                std::deque<double, std::allocator<double> >::_M_default_initialize()
 .text._ZNSt11_Deque_baseIdSaIdEE17_M_initialize_mapEj
                0x03805ee0       0xac build/src/main.o
                0x03805ee0                std::_Deque_base<double, std::allocator<double> >::_M_initialize_map(unsigned int)
 .text._ZNSt11_Deque_baseIdSaIdEED2Ev
                0x03805f8c       0x50 build/src/main.o
                0x03805f8c                std::_Deque_base<double, std::allocator<double> >::~_Deque_base()
 .text._ZNSt5dequeIdSaIdEE16_M_push_back_auxIJRdEEEvDpOT_
                0x03805fdc       0x7c build/src/main.o
                0x03805fdc                void std::deque<double, std::allocator<double> >::_M_push_back_aux<double&>(double&)
 .text._ZNSt5dequeIdSaIdEE17_M_reallocate_mapEjb
                0x03806058      0x12c build/src/main.o
                0x03806058                std::deque<double, std::allocator<double> >::_M_reallocate_map(unsigned int, bool)
 .text._ZNSt5dequeIdSaIdEE17_M_push_front_auxIJRdEEEvDpOT_
                0x03806184       0x70 build/src/main.o
                0x03806184                void std::deque<double, std::allocator<double> >::_M_push_front_aux<double&>(double&)
 .text._ZNKSt15_Deque_iteratorIdRdPdEplEi
                0x038061f4       0x64 build/src/main.o
                0x038061f4                std::_Deque_iterator<double, double&, double*>::operator+(int) const
 .text._GLOBAL__sub_I_main.cpp
                0x03806258      0x5d4 build/src/main.o
 *fill*         0x0380682c        0x4 
 .text._Z13odometry_loopv
                0x03806830      0x3f8 build/src/odom.o
                0x03806830                odometry_loop()
 .text._Z14setCoordinatesddd
                0x03806c28       0xbc build/src/odom.o
                0x03806c28                setCoordinates(double, double, double)
 .text._GLOBAL__sub_I_odom.cpp
                0x03806ce4       0x34 build/src/odom.o
 .text._ZN3vex11motor_groupC2IJNS_5motorES2_EEERS2_DpRT_
                0x03806d18       0x44 build/src/robot-config.o
                0x03806d18                vex::motor_group::motor_group<vex::motor, vex::motor>(vex::motor&, vex::motor&, vex::motor&)
 .text.__cxx_global_array_dtor
                0x03806d5c       0x2c build/src/robot-config.o
 .text._GLOBAL__sub_I_robot_config.cpp
                0x03806d88      0x614 build/src/robot-config.o
 *fill*         0x0380739c        0x4 
 .text._Z26reduce_negative_180_to_180d
                0x038073a0       0x78 build/src/utils.o
                0x038073a0                reduce_negative_180_to_180(double)
 .text._Z20get_absolute_headingv
                0x03807418       0x80 build/src/utils.o
                0x03807418                get_absolute_heading()
 .text._Z20left_voltage_scalingdd
                0x03807498       0x48 build/src/utils.o
                0x03807498                left_voltage_scaling(double, double)
 .text._Z21right_voltage_scalingdd
                0x038074e0       0x48 build/src/utils.o
                0x038074e0                right_voltage_scaling(double, double)
 .text._Z17clamp_min_voltagedd
                0x03807528       0x4c build/src/utils.o
                0x03807528                clamp_min_voltage(double, double)
 *fill*         0x03807574        0x4 
 .text._Z5toDegd
                0x03807578       0x20 build/src/utils.o
                0x03807578                toDeg(double)
 .text._Z5toRadd
                0x03807598       0x20 build/src/utils.o
                0x03807598                toRad(double)
 .text._Z15is_line_settledfffff
                0x038075b8       0xa0 build/src/utils.o
                0x038075b8                is_line_settled(float, float, float, float, float)
 .text._Z15drive_with_voltdd
                0x03807658       0x6c build/src/utils.o
                0x03807658                drive_with_volt(double, double)
 .text._Z4slewddd
                0x038076c4       0x4c build/src/utils.o
                0x038076c4                slew(double, double, double)
 .text._Z15normalizeTargetd
                0x03807710       0x78 build/src/utils.o
                0x03807710                normalizeTarget(double)
 .text._Z12driveChassisdd
                0x03807788       0x74 build/src/utils.o
                0x03807788                driveChassis(double, double)
 .text._GLOBAL__sub_I_utils.cpp
                0x038077fc       0x34 build/src/utils.o
 .text._Z10pidSettled10SettleTypeiii
                0x03807830       0x3c build/src/drive_control.o
                0x03807830                pidSettled(SettleType, int, int, int)
 *fill*         0x0380786c        0x4 
 .text._Z9drive_setdd10SettleType
                0x03807870      0x568 build/src/drive_control.o
                0x03807870                drive_set(double, double, SettleType)
 .text._Z8turn_setdd10SettleType
                0x03807dd8      0x508 build/src/drive_control.o
                0x03807dd8                turn_set(double, double, SettleType)
 .text._Z8to_pointddi10SettleType
                0x038082e0      0x8ec build/src/drive_control.o
                0x038082e0                to_point(double, double, int, SettleType)
 .text._GLOBAL__sub_I_drive_control.cpp
                0x03808bcc       0x34 build/src/drive_control.o
 .text.vexMain  0x03808c00       0xb0 c:\Users\NRAI-02\AppData\Roaming\Code\User\globalStorage\vexrobotics.vexcode\sdk\cpp\V5\V5_20240802_15_00_00/vexv5\libv5rt.a(v5_startup.c.obj)
                0x03808c00                vexMain
 .text.__vex_function_prolog
                0x03808cb0       0x18 c:\Users\NRAI-02\AppData\Roaming\Code\User\globalStorage\vexrobotics.vexcode\sdk\cpp\V5\V5_20240802_15_00_00/vexv5\libv5rt.a(v5_startup.c.obj)
                0x03808cb0                __vex_function_prolog
 .text._init    0x03808cc8        0x4 c:\Users\NRAI-02\AppData\Roaming\Code\User\globalStorage\vexrobotics.vexcode\sdk\cpp\V5\V5_20240802_15_00_00/vexv5\libv5rt.a(v5_startup.c.obj)
                0x03808cc8                _init
 .text._fini    0x03808ccc        0x4 c:\Users\NRAI-02\AppData\Roaming\Code\User\globalStorage\vexrobotics.vexcode\sdk\cpp\V5\V5_20240802_15_00_00/vexv5\libv5rt.a(v5_startup.c.obj)
                0x03808ccc                _fini
 .text.vexStdlibVersionLinked
                0x03808cd0        0xc c:\Users\NRAI-02\AppData\Roaming\Code\User\globalStorage\vexrobotics.vexcode\sdk\cpp\V5\V5_20240802_15_00_00/vexv5\libv5rt.a(v5_util.c.obj)
                0x03808cd0                vexStdlibVersionLinked
 .text.vexStdlibVersionVerify
                0x03808cdc       0x30 c:\Users\NRAI-02\AppData\Roaming\Code\User\globalStorage\vexrobotics.vexcode\sdk\cpp\V5\V5_20240802_15_00_00/vexv5\libv5rt.a(v5_util.c.obj)
                0x03808cdc                vexStdlibVersionVerify
 .text.vexPrivateApiEnable
                0x03808d0c       0x10 c:\Users\NRAI-02\AppData\Roaming\Code\User\globalStorage\vexrobotics.vexcode\sdk\cpp\V5\V5_20240802_15_00_00/vexv5\libv5rt.a(v5_apijump.c.obj)
                0x03808d0c                vexPrivateApiEnable
 .text.vexStdlibMismatchError
                0x03808d1c       0x3c c:\Users\NRAI-02\AppData\Roaming\Code\User\globalStorage\vexrobotics.vexcode\sdk\cpp\V5\V5_20240802_15_00_00/vexv5\libv5rt.a(v5_apijump.c.obj)
                0x03808d1c                vexStdlibMismatchError
 .text.vexScratchMemoryPtr
                0x03808d58       0x30 c:\Users\NRAI-02\AppData\Roaming\Code\User\globalStorage\vexrobotics.vexcode\sdk\cpp\V5\V5_20240802_15_00_00/vexv5\libv5rt.a(v5_apijump.c.obj)
                0x03808d58                vexScratchMemoryPtr
 .text.vexTaskAdd
                0x03808d88       0x10 c:\Users\NRAI-02\AppData\Roaming\Code\User\globalStorage\vexrobotics.vexcode\sdk\cpp\V5\V5_20240802_15_00_00/vexv5\libv5rt.a(v5_apijump.c.obj)
                0x03808d88                vexTaskAdd
 .text.vexTasksRun
                0x03808d98       0x10 c:\Users\NRAI-02\AppData\Roaming\Code\User\globalStorage\vexrobotics.vexcode\sdk\cpp\V5\V5_20240802_15_00_00/vexv5\libv5rt.a(v5_apijump.c.obj)
                0x03808d98                vexTasksRun
 .text.vexTaskYield
                0x03808da8       0x10 c:\Users\NRAI-02\AppData\Roaming\Code\User\globalStorage\vexrobotics.vexcode\sdk\cpp\V5\V5_20240802_15_00_00/vexv5\libv5rt.a(v5_apijump.c.obj)
                0x03808da8                vexTaskYield
 .text.vexTaskCheckTimeslice
                0x03808db8       0x10 c:\Users\NRAI-02\AppData\Roaming\Code\User\globalStorage\vexrobotics.vexcode\sdk\cpp\V5\V5_20240802_15_00_00/vexv5\libv5rt.a(v5_apijump.c.obj)
                0x03808db8                vexTaskCheckTimeslice
 .text.vexTaskSleep
                0x03808dc8       0x10 c:\Users\NRAI-02\AppData\Roaming\Code\User\globalStorage\vexrobotics.vexcode\sdk\cpp\V5\V5_20240802_15_00_00/vexv5\libv5rt.a(v5_apijump.c.obj)
                0x03808dc8                vexTaskSleep
 .text.vexTasksDump
                0x03808dd8       0x1c c:\Users\NRAI-02\AppData\Roaming\Code\User\globalStorage\vexrobotics.vexcode\sdk\cpp\V5\V5_20240802_15_00_00/vexv5\libv5rt.a(v5_apijump.c.obj)
                0x03808dd8                vexTasksDump
 .text.vexTaskGetTaskIndex
                0x03808df4       0x10 c:\Users\NRAI-02\AppData\Roaming\Code\User\globalStorage\vexrobotics.vexcode\sdk\cpp\V5\V5_20240802_15_00_00/vexv5\libv5rt.a(v5_apijump.c.obj)
                0x03808df4                vexTaskGetTaskIndex
 .text.vexTaskStopAll
                0x03808e04       0x10 c:\Users\NRAI-02\AppData\Roaming\Code\User\globalStorage\vexrobotics.vexcode\sdk\cpp\V5\V5_20240802_15_00_00/vexv5\libv5rt.a(v5_apijump.c.obj)
                0x03808e04                vexTaskStopAll
 .text.vexTaskRemoveAllUser
                0x03808e14       0x34 c:\Users\NRAI-02\AppData\Roaming\Code\User\globalStorage\vexrobotics.vexcode\sdk\cpp\V5\V5_20240802_15_00_00/vexv5\libv5rt.a(v5_apijump.c.obj)
                0x03808e14                vexTaskRemoveAllUser
 .text.vexTaskCompletionIdSet
                0x03808e48       0x10 c:\Users\NRAI-02\AppData\Roaming\Code\User\globalStorage\vexrobotics.vexcode\sdk\cpp\V5\V5_20240802_15_00_00/vexv5\libv5rt.a(v5_apijump.c.obj)
                0x03808e48                vexTaskCompletionIdSet
 .text.vexTaskStopWithId
                0x03808e58       0x10 c:\Users\NRAI-02\AppData\Roaming\Code\User\globalStorage\vexrobotics.vexcode\sdk\cpp\V5\V5_20240802_15_00_00/vexv5\libv5rt.a(v5_apijump.c.obj)
                0x03808e58                vexTaskStopWithId
 .text.vexCriticalSection
                0x03808e68       0x2c c:\Users\NRAI-02\AppData\Roaming\Code\User\globalStorage\vexrobotics.vexcode\sdk\cpp\V5\V5_20240802_15_00_00/vexv5\libv5rt.a(v5_apijump.c.obj)
                0x03808e68                vexCriticalSection
 .text.vexEventAdd
                0x03808e94       0x34 c:\Users\NRAI-02\AppData\Roaming\Code\User\globalStorage\vexrobotics.vexcode\sdk\cpp\V5\V5_20240802_15_00_00/vexv5\libv5rt.a(v5_apijump.c.obj)
                0x03808e94                vexEventAdd
 .text.vexEventUserIndexGet
                0x03808ec8       0x1c c:\Users\NRAI-02\AppData\Roaming\Code\User\globalStorage\vexrobotics.vexcode\sdk\cpp\V5\V5_20240802_15_00_00/vexv5\libv5rt.a(v5_apijump.c.obj)
                0x03808ec8                vexEventUserIndexGet
 .text.vexEventAddWithArg
                0x03808ee4       0x3c c:\Users\NRAI-02\AppData\Roaming\Code\User\globalStorage\vexrobotics.vexcode\sdk\cpp\V5\V5_20240802_15_00_00/vexv5\libv5rt.a(v5_apijump.c.obj)
                0x03808ee4                vexEventAddWithArg
 .text.vexEventsCleanup
                0x03808f20       0x2c c:\Users\NRAI-02\AppData\Roaming\Code\User\globalStorage\vexrobotics.vexcode\sdk\cpp\V5\V5_20240802_15_00_00/vexv5\libv5rt.a(v5_apijump.c.obj)
                0x03808f20                vexEventsCleanup
 .text.vexDebug
                0x03808f4c       0x38 c:\Users\NRAI-02\AppData\Roaming\Code\User\globalStorage\vexrobotics.vexcode\sdk\cpp\V5\V5_20240802_15_00_00/vexv5\libv5rt.a(v5_apijump.c.obj)
                0x03808f4c                vexDebug
 .text.vex_sprintf
                0x03808f84       0x40 c:\Users\NRAI-02\AppData\Roaming\Code\User\globalStorage\vexrobotics.vexcode\sdk\cpp\V5\V5_20240802_15_00_00/vexv5\libv5rt.a(v5_apijump.c.obj)
                0x03808f84                vex_sprintf
 .text.vex_vsnprintf
                0x03808fc4       0x3c c:\Users\NRAI-02\AppData\Roaming\Code\User\globalStorage\vexrobotics.vexcode\sdk\cpp\V5\V5_20240802_15_00_00/vexv5\libv5rt.a(v5_apijump.c.obj)
                0x03808fc4                vex_vsnprintf
 .text.vexSystemTimeGet
                0x03809000       0x1c c:\Users\NRAI-02\AppData\Roaming\Code\User\globalStorage\vexrobotics.vexcode\sdk\cpp\V5\V5_20240802_15_00_00/vexv5\libv5rt.a(v5_apijump.c.obj)
                0x03809000                vexSystemTimeGet
 .text.vexSystemExitRequest
                0x0380901c       0x1c c:\Users\NRAI-02\AppData\Roaming\Code\User\globalStorage\vexrobotics.vexcode\sdk\cpp\V5\V5_20240802_15_00_00/vexv5\libv5rt.a(v5_apijump.c.obj)
                0x0380901c                vexSystemExitRequest
 .text.vexDeviceGetByIndex
                0x03809038       0x24 c:\Users\NRAI-02\AppData\Roaming\Code\User\globalStorage\vexrobotics.vexcode\sdk\cpp\V5\V5_20240802_15_00_00/vexv5\libv5rt.a(v5_apijump.c.obj)
                0x03809038                vexDeviceGetByIndex
 .text.vexControllerGet
                0x0380905c       0x2c c:\Users\NRAI-02\AppData\Roaming\Code\User\globalStorage\vexrobotics.vexcode\sdk\cpp\V5\V5_20240802_15_00_00/vexv5\libv5rt.a(v5_apijump.c.obj)
                0x0380905c                vexControllerGet
 .text.vexControllerTextSet
                0x03809088       0x74 c:\Users\NRAI-02\AppData\Roaming\Code\User\globalStorage\vexrobotics.vexcode\sdk\cpp\V5\V5_20240802_15_00_00/vexv5\libv5rt.a(v5_apijump.c.obj)
                0x03809088                vexControllerTextSet
 .text.vexDeviceAdiPortConfigSet
                0x038090fc       0x34 c:\Users\NRAI-02\AppData\Roaming\Code\User\globalStorage\vexrobotics.vexcode\sdk\cpp\V5\V5_20240802_15_00_00/vexv5\libv5rt.a(v5_apijump.c.obj)
                0x038090fc                vexDeviceAdiPortConfigSet
 .text.vexDeviceAdiPortConfigGet
                0x03809130       0x2c c:\Users\NRAI-02\AppData\Roaming\Code\User\globalStorage\vexrobotics.vexcode\sdk\cpp\V5\V5_20240802_15_00_00/vexv5\libv5rt.a(v5_apijump.c.obj)
                0x03809130                vexDeviceAdiPortConfigGet
 .text.vexDeviceAdiValueSet
                0x0380915c       0x34 c:\Users\NRAI-02\AppData\Roaming\Code\User\globalStorage\vexrobotics.vexcode\sdk\cpp\V5\V5_20240802_15_00_00/vexv5\libv5rt.a(v5_apijump.c.obj)
                0x0380915c                vexDeviceAdiValueSet
 .text.vexDeviceAdiValueGet
                0x03809190       0x2c c:\Users\NRAI-02\AppData\Roaming\Code\User\globalStorage\vexrobotics.vexcode\sdk\cpp\V5\V5_20240802_15_00_00/vexv5\libv5rt.a(v5_apijump.c.obj)
                0x03809190                vexDeviceAdiValueGet
 .text.vexDeviceMotorVelocitySet
                0x038091bc       0x2c c:\Users\NRAI-02\AppData\Roaming\Code\User\globalStorage\vexrobotics.vexcode\sdk\cpp\V5\V5_20240802_15_00_00/vexv5\libv5rt.a(v5_apijump.c.obj)
                0x038091bc                vexDeviceMotorVelocitySet
 .text.vexDeviceMotorVoltageSet
                0x038091e8       0x2c c:\Users\NRAI-02\AppData\Roaming\Code\User\globalStorage\vexrobotics.vexcode\sdk\cpp\V5\V5_20240802_15_00_00/vexv5\libv5rt.a(v5_apijump.c.obj)
                0x038091e8                vexDeviceMotorVoltageSet
 .text.vexDeviceMotorActualVelocityGet
                0x03809214       0x24 c:\Users\NRAI-02\AppData\Roaming\Code\User\globalStorage\vexrobotics.vexcode\sdk\cpp\V5\V5_20240802_15_00_00/vexv5\libv5rt.a(v5_apijump.c.obj)
                0x03809214                vexDeviceMotorActualVelocityGet
 .text.vexDeviceMotorTemperatureGet
                0x03809238       0x24 c:\Users\NRAI-02\AppData\Roaming\Code\User\globalStorage\vexrobotics.vexcode\sdk\cpp\V5\V5_20240802_15_00_00/vexv5\libv5rt.a(v5_apijump.c.obj)
                0x03809238                vexDeviceMotorTemperatureGet
 .text.vexDeviceMotorReverseFlagSet
                0x0380925c       0x2c c:\Users\NRAI-02\AppData\Roaming\Code\User\globalStorage\vexrobotics.vexcode\sdk\cpp\V5\V5_20240802_15_00_00/vexv5\libv5rt.a(v5_apijump.c.obj)
                0x0380925c                vexDeviceMotorReverseFlagSet
 .text.vexDeviceMotorEncoderUnitsSet
                0x03809288       0x2c c:\Users\NRAI-02\AppData\Roaming\Code\User\globalStorage\vexrobotics.vexcode\sdk\cpp\V5\V5_20240802_15_00_00/vexv5\libv5rt.a(v5_apijump.c.obj)
                0x03809288                vexDeviceMotorEncoderUnitsSet
 .text.vexDeviceMotorBrakeModeSet
                0x038092b4       0x2c c:\Users\NRAI-02\AppData\Roaming\Code\User\globalStorage\vexrobotics.vexcode\sdk\cpp\V5\V5_20240802_15_00_00/vexv5\libv5rt.a(v5_apijump.c.obj)
                0x038092b4                vexDeviceMotorBrakeModeSet
 .text.vexDeviceMotorPositionSet
                0x038092e0       0x34 c:\Users\NRAI-02\AppData\Roaming\Code\User\globalStorage\vexrobotics.vexcode\sdk\cpp\V5\V5_20240802_15_00_00/vexv5\libv5rt.a(v5_apijump.c.obj)
                0x038092e0                vexDeviceMotorPositionSet
 .text.vexDeviceMotorPositionGet
                0x03809314       0x24 c:\Users\NRAI-02\AppData\Roaming\Code\User\globalStorage\vexrobotics.vexcode\sdk\cpp\V5\V5_20240802_15_00_00/vexv5\libv5rt.a(v5_apijump.c.obj)
                0x03809314                vexDeviceMotorPositionGet
 .text.vexDeviceMotorGearingSet
                0x03809338       0x2c c:\Users\NRAI-02\AppData\Roaming\Code\User\globalStorage\vexrobotics.vexcode\sdk\cpp\V5\V5_20240802_15_00_00/vexv5\libv5rt.a(v5_apijump.c.obj)
                0x03809338                vexDeviceMotorGearingSet
 .text.vexDeviceMotorGearingGet
                0x03809364       0x24 c:\Users\NRAI-02\AppData\Roaming\Code\User\globalStorage\vexrobotics.vexcode\sdk\cpp\V5\V5_20240802_15_00_00/vexv5\libv5rt.a(v5_apijump.c.obj)
                0x03809364                vexDeviceMotorGearingGet
 .text.vexDeviceImuReset
                0x03809388       0x24 c:\Users\NRAI-02\AppData\Roaming\Code\User\globalStorage\vexrobotics.vexcode\sdk\cpp\V5\V5_20240802_15_00_00/vexv5\libv5rt.a(v5_apijump.c.obj)
                0x03809388                vexDeviceImuReset
 .text.vexDeviceImuHeadingGet
                0x038093ac       0x24 c:\Users\NRAI-02\AppData\Roaming\Code\User\globalStorage\vexrobotics.vexcode\sdk\cpp\V5\V5_20240802_15_00_00/vexv5\libv5rt.a(v5_apijump.c.obj)
                0x038093ac                vexDeviceImuHeadingGet
 .text.vexDeviceImuDegreesGet
                0x038093d0       0x24 c:\Users\NRAI-02\AppData\Roaming\Code\User\globalStorage\vexrobotics.vexcode\sdk\cpp\V5\V5_20240802_15_00_00/vexv5\libv5rt.a(v5_apijump.c.obj)
                0x038093d0                vexDeviceImuDegreesGet
 .text.vexDeviceImuStatusGet
                0x038093f4       0x24 c:\Users\NRAI-02\AppData\Roaming\Code\User\globalStorage\vexrobotics.vexcode\sdk\cpp\V5\V5_20240802_15_00_00/vexv5\libv5rt.a(v5_apijump.c.obj)
                0x038093f4                vexDeviceImuStatusGet
 .text.vexDeviceAbsEncPositionSet
                0x03809418       0x2c c:\Users\NRAI-02\AppData\Roaming\Code\User\globalStorage\vexrobotics.vexcode\sdk\cpp\V5\V5_20240802_15_00_00/vexv5\libv5rt.a(v5_apijump.c.obj)
                0x03809418                vexDeviceAbsEncPositionSet
 .text.vexDeviceAbsEncPositionGet
                0x03809444       0x24 c:\Users\NRAI-02\AppData\Roaming\Code\User\globalStorage\vexrobotics.vexcode\sdk\cpp\V5\V5_20240802_15_00_00/vexv5\libv5rt.a(v5_apijump.c.obj)
                0x03809444                vexDeviceAbsEncPositionGet
 .text.vexDeviceAbsEncAngleGet
                0x03809468       0x24 c:\Users\NRAI-02\AppData\Roaming\Code\User\globalStorage\vexrobotics.vexcode\sdk\cpp\V5\V5_20240802_15_00_00/vexv5\libv5rt.a(v5_apijump.c.obj)
                0x03809468                vexDeviceAbsEncAngleGet
 .text.vexDeviceAbsEncReverseFlagSet
                0x0380948c       0x2c c:\Users\NRAI-02\AppData\Roaming\Code\User\globalStorage\vexrobotics.vexcode\sdk\cpp\V5\V5_20240802_15_00_00/vexv5\libv5rt.a(v5_apijump.c.obj)
                0x0380948c                vexDeviceAbsEncReverseFlagSet
 .text.vexDisplayForegroundColor
                0x038094b8       0x24 c:\Users\NRAI-02\AppData\Roaming\Code\User\globalStorage\vexrobotics.vexcode\sdk\cpp\V5\V5_20240802_15_00_00/vexv5\libv5rt.a(v5_apijump.c.obj)
                0x038094b8                vexDisplayForegroundColor
 .text.vexDisplayBackgroundColor
                0x038094dc       0x24 c:\Users\NRAI-02\AppData\Roaming\Code\User\globalStorage\vexrobotics.vexcode\sdk\cpp\V5\V5_20240802_15_00_00/vexv5\libv5rt.a(v5_apijump.c.obj)
                0x038094dc                vexDisplayBackgroundColor
 .text.vexDisplayBackgroundColorGet
                0x03809500       0x1c c:\Users\NRAI-02\AppData\Roaming\Code\User\globalStorage\vexrobotics.vexcode\sdk\cpp\V5\V5_20240802_15_00_00/vexv5\libv5rt.a(v5_apijump.c.obj)
                0x03809500                vexDisplayBackgroundColorGet
 .text.vexDisplayCopyRect
                0x0380951c       0x5c c:\Users\NRAI-02\AppData\Roaming\Code\User\globalStorage\vexrobotics.vexcode\sdk\cpp\V5\V5_20240802_15_00_00/vexv5\libv5rt.a(v5_apijump.c.obj)
                0x0380951c                vexDisplayCopyRect
 .text.vexDisplayPixelSet
                0x03809578       0x38 c:\Users\NRAI-02\AppData\Roaming\Code\User\globalStorage\vexrobotics.vexcode\sdk\cpp\V5\V5_20240802_15_00_00/vexv5\libv5rt.a(v5_apijump.c.obj)
                0x03809578                vexDisplayPixelSet
 .text.vexDisplayLineDraw
                0x038095b0       0x4c c:\Users\NRAI-02\AppData\Roaming\Code\User\globalStorage\vexrobotics.vexcode\sdk\cpp\V5\V5_20240802_15_00_00/vexv5\libv5rt.a(v5_apijump.c.obj)
                0x038095b0                vexDisplayLineDraw
 .text.vexDisplayRectDraw
                0x038095fc       0x4c c:\Users\NRAI-02\AppData\Roaming\Code\User\globalStorage\vexrobotics.vexcode\sdk\cpp\V5\V5_20240802_15_00_00/vexv5\libv5rt.a(v5_apijump.c.obj)
                0x038095fc                vexDisplayRectDraw
 .text.vexDisplayRectClear
                0x03809648       0x4c c:\Users\NRAI-02\AppData\Roaming\Code\User\globalStorage\vexrobotics.vexcode\sdk\cpp\V5\V5_20240802_15_00_00/vexv5\libv5rt.a(v5_apijump.c.obj)
                0x03809648                vexDisplayRectClear
 .text.vexDisplayCircleDraw
                0x03809694       0x40 c:\Users\NRAI-02\AppData\Roaming\Code\User\globalStorage\vexrobotics.vexcode\sdk\cpp\V5\V5_20240802_15_00_00/vexv5\libv5rt.a(v5_apijump.c.obj)
                0x03809694                vexDisplayCircleDraw
 .text.vexDisplayCircleClear
                0x038096d4       0x40 c:\Users\NRAI-02\AppData\Roaming\Code\User\globalStorage\vexrobotics.vexcode\sdk\cpp\V5\V5_20240802_15_00_00/vexv5\libv5rt.a(v5_apijump.c.obj)
                0x038096d4                vexDisplayCircleClear
 .text.vexDisplayVPrintf
                0x03809714       0x50 c:\Users\NRAI-02\AppData\Roaming\Code\User\globalStorage\vexrobotics.vexcode\sdk\cpp\V5\V5_20240802_15_00_00/vexv5\libv5rt.a(v5_apijump.c.obj)
                0x03809714                vexDisplayVPrintf
 .text.vexDisplayTextReference
                0x03809764       0x24 c:\Users\NRAI-02\AppData\Roaming\Code\User\globalStorage\vexrobotics.vexcode\sdk\cpp\V5\V5_20240802_15_00_00/vexv5\libv5rt.a(v5_apijump.c.obj)
                0x03809764                vexDisplayTextReference
 .text.vexDisplayTextSize
                0x03809788       0x2c c:\Users\NRAI-02\AppData\Roaming\Code\User\globalStorage\vexrobotics.vexcode\sdk\cpp\V5\V5_20240802_15_00_00/vexv5\libv5rt.a(v5_apijump.c.obj)
                0x03809788                vexDisplayTextSize
 .text.vexDisplayFontNamedSet
                0x038097b4       0x24 c:\Users\NRAI-02\AppData\Roaming\Code\User\globalStorage\vexrobotics.vexcode\sdk\cpp\V5\V5_20240802_15_00_00/vexv5\libv5rt.a(v5_apijump.c.obj)
                0x038097b4                vexDisplayFontNamedSet
 .text.vexDisplayStringWidthGet
                0x038097d8       0x24 c:\Users\NRAI-02\AppData\Roaming\Code\User\globalStorage\vexrobotics.vexcode\sdk\cpp\V5\V5_20240802_15_00_00/vexv5\libv5rt.a(v5_apijump.c.obj)
                0x038097d8                vexDisplayStringWidthGet
 .text.vexDisplayStringHeightGet
                0x038097fc       0x24 c:\Users\NRAI-02\AppData\Roaming\Code\User\globalStorage\vexrobotics.vexcode\sdk\cpp\V5\V5_20240802_15_00_00/vexv5\libv5rt.a(v5_apijump.c.obj)
                0x038097fc                vexDisplayStringHeightGet
 .text.vexDisplayPenSizeSet
                0x03809820       0x24 c:\Users\NRAI-02\AppData\Roaming\Code\User\globalStorage\vexrobotics.vexcode\sdk\cpp\V5\V5_20240802_15_00_00/vexv5\libv5rt.a(v5_apijump.c.obj)
                0x03809820                vexDisplayPenSizeSet
 .text.vexDisplayPenSizeGet
                0x03809844       0x1c c:\Users\NRAI-02\AppData\Roaming\Code\User\globalStorage\vexrobotics.vexcode\sdk\cpp\V5\V5_20240802_15_00_00/vexv5\libv5rt.a(v5_apijump.c.obj)
                0x03809844                vexDisplayPenSizeGet
 .text.vexFileOpen
                0x03809860       0x2c c:\Users\NRAI-02\AppData\Roaming\Code\User\globalStorage\vexrobotics.vexcode\sdk\cpp\V5\V5_20240802_15_00_00/vexv5\libv5rt.a(v5_apijump.c.obj)
                0x03809860                vexFileOpen
 .text.vexFileClose
                0x0380988c       0x24 c:\Users\NRAI-02\AppData\Roaming\Code\User\globalStorage\vexrobotics.vexcode\sdk\cpp\V5\V5_20240802_15_00_00/vexv5\libv5rt.a(v5_apijump.c.obj)
                0x0380988c                vexFileClose
 .text.vexFileRead
                0x038098b0       0x3c c:\Users\NRAI-02\AppData\Roaming\Code\User\globalStorage\vexrobotics.vexcode\sdk\cpp\V5\V5_20240802_15_00_00/vexv5\libv5rt.a(v5_apijump.c.obj)
                0x038098b0                vexFileRead
 .text.vexFileSize
                0x038098ec       0x24 c:\Users\NRAI-02\AppData\Roaming\Code\User\globalStorage\vexrobotics.vexcode\sdk\cpp\V5\V5_20240802_15_00_00/vexv5\libv5rt.a(v5_apijump.c.obj)
                0x038098ec                vexFileSize
 .text.vexSystemStdlibImpureDataAddr
                0x03809910       0x28 c:\Users\NRAI-02\AppData\Roaming\Code\User\globalStorage\vexrobotics.vexcode\sdk\cpp\V5\V5_20240802_15_00_00/vexv5\libv5rt.a(v5_apijump.c.obj)
                0x03809910                vexSystemStdlibImpureDataAddr
 .text.vexSystemStdlibImpureDataSize
                0x03809938       0x28 c:\Users\NRAI-02\AppData\Roaming\Code\User\globalStorage\vexrobotics.vexcode\sdk\cpp\V5\V5_20240802_15_00_00/vexv5\libv5rt.a(v5_apijump.c.obj)
                0x03809938                vexSystemStdlibImpureDataSize
 .text.vexSystemSaveUserData
                0x03809960       0x3c c:\Users\NRAI-02\AppData\Roaming\Code\User\globalStorage\vexrobotics.vexcode\sdk\cpp\V5\V5_20240802_15_00_00/vexv5\libv5rt.a(v5_apijump.c.obj)
                0x03809960                vexSystemSaveUserData
 .text.vexTouchDataGet
                0x0380999c       0x10 c:\Users\NRAI-02\AppData\Roaming\Code\User\globalStorage\vexrobotics.vexcode\sdk\cpp\V5\V5_20240802_15_00_00/vexv5\libv5rt.a(v5_apijump.c.obj)
                0x0380999c                vexTouchDataGet
 .text.vexImageBmpRead
                0x038099ac       0x3c c:\Users\NRAI-02\AppData\Roaming\Code\User\globalStorage\vexrobotics.vexcode\sdk\cpp\V5\V5_20240802_15_00_00/vexv5\libv5rt.a(v5_apijump.c.obj)
                0x038099ac                vexImageBmpRead
 .text.vexImagePngRead
                0x038099e8       0x44 c:\Users\NRAI-02\AppData\Roaming\Code\User\globalStorage\vexrobotics.vexcode\sdk\cpp\V5\V5_20240802_15_00_00/vexv5\libv5rt.a(v5_apijump.c.obj)
                0x038099e8                vexImagePngRead
 .text.vexDisplayThemeIdGet
                0x03809a2c       0x38 c:\Users\NRAI-02\AppData\Roaming\Code\User\globalStorage\vexrobotics.vexcode\sdk\cpp\V5\V5_20240802_15_00_00/vexv5\libv5rt.a(v5_apijump.c.obj)
                0x03809a2c                vexDisplayThemeIdGet
 .text.vexDisplayRender
                0x03809a64       0x2c c:\Users\NRAI-02\AppData\Roaming\Code\User\globalStorage\vexrobotics.vexcode\sdk\cpp\V5\V5_20240802_15_00_00/vexv5\libv5rt.a(v5_apijump.c.obj)
                0x03809a64                vexDisplayRender
 .text.vexBatteryCapacityGet
                0x03809a90       0x1c c:\Users\NRAI-02\AppData\Roaming\Code\User\globalStorage\vexrobotics.vexcode\sdk\cpp\V5\V5_20240802_15_00_00/vexv5\libv5rt.a(v5_apijump.c.obj)
                0x03809a90                vexBatteryCapacityGet
 .text.vexDeviceEventMaskSet
                0x03809aac       0x48 c:\Users\NRAI-02\AppData\Roaming\Code\User\globalStorage\vexrobotics.vexcode\sdk\cpp\V5\V5_20240802_15_00_00/vexv5\libv5rt.a(v5_apijump.c.obj)
                0x03809aac                vexDeviceEventMaskSet
 .text.vexDeviceEventMaskGet
                0x03809af4       0x3c c:\Users\NRAI-02\AppData\Roaming\Code\User\globalStorage\vexrobotics.vexcode\sdk\cpp\V5\V5_20240802_15_00_00/vexv5\libv5rt.a(v5_apijump.c.obj)
                0x03809af4                vexDeviceEventMaskGet
 .text.vexSystemVersion
                0x03809b30       0x10 c:\Users\NRAI-02\AppData\Roaming\Code\User\globalStorage\vexrobotics.vexcode\sdk\cpp\V5\V5_20240802_15_00_00/vexv5\libv5rt.a(v5_apiversions.c.obj)
                0x03809b30                vexSystemVersion
 .text.vexStdlibVersion
                0x03809b40       0x10 c:\Users\NRAI-02\AppData\Roaming\Code\User\globalStorage\vexrobotics.vexcode\sdk\cpp\V5\V5_20240802_15_00_00/vexv5\libv5rt.a(v5_apiversions.c.obj)
                0x03809b40                vexStdlibVersion
 .text._ZN3vex4waitEdNS_9timeUnitsE
                0x03809b50       0x30 c:\Users\NRAI-02\AppData\Roaming\Code\User\globalStorage\vexrobotics.vexcode\sdk\cpp\V5\V5_20240802_15_00_00/vexv5\libv5rt.a(vex_global.cpp.obj)
                0x03809b50                vex::wait(double, vex::timeUnits)
 .text._ZN3vex5motorD2Ev
                0x03809b80       0x20 c:\Users\NRAI-02\AppData\Roaming\Code\User\globalStorage\vexrobotics.vexcode\sdk\cpp\V5\V5_20240802_15_00_00/vexv5\libv5rt.a(vex_motor.cpp.obj)
                0x03809b80                vex::motor::~motor()
                0x03809b80                vex::motor::~motor()
 .text._ZN3vex5motorD0Ev
                0x03809ba0       0x1c c:\Users\NRAI-02\AppData\Roaming\Code\User\globalStorage\vexrobotics.vexcode\sdk\cpp\V5\V5_20240802_15_00_00/vexv5\libv5rt.a(vex_motor.cpp.obj)
                0x03809ba0                vex::motor::~motor()
 .text._ZN3vex5motor9installedEv
                0x03809bbc       0x18 c:\Users\NRAI-02\AppData\Roaming\Code\User\globalStorage\vexrobotics.vexcode\sdk\cpp\V5\V5_20240802_15_00_00/vexv5\libv5rt.a(vex_motor.cpp.obj)
                0x03809bbc                vex::motor::installed()
 .text._ZN3vex5motor15defaultStoppingENS_9brakeTypeE
                0x03809bd4       0x30 c:\Users\NRAI-02\AppData\Roaming\Code\User\globalStorage\vexrobotics.vexcode\sdk\cpp\V5\V5_20240802_15_00_00/vexv5\libv5rt.a(vex_motor.cpp.obj)
                0x03809bd4                vex::motor::defaultStopping(vex::brakeType)
 .text._ZN3vex5motor8setBrakeENS_9brakeTypeE
                0x03809c04        0x4 c:\Users\NRAI-02\AppData\Roaming\Code\User\globalStorage\vexrobotics.vexcode\sdk\cpp\V5\V5_20240802_15_00_00/vexv5\libv5rt.a(vex_motor.cpp.obj)
                0x03809c04                vex::motor::setBrake(vex::brakeType)
 .text._ZN3vex5motorC2El
                0x03809c08       0x78 c:\Users\NRAI-02\AppData\Roaming\Code\User\globalStorage\vexrobotics.vexcode\sdk\cpp\V5\V5_20240802_15_00_00/vexv5\libv5rt.a(vex_motor.cpp.obj)
                0x03809c08                vex::motor::motor(long)
                0x03809c08                vex::motor::motor(long)
 .text._ZN3vex5motorC2ElNS_11gearSettingEb
                0x03809c80       0x34 c:\Users\NRAI-02\AppData\Roaming\Code\User\globalStorage\vexrobotics.vexcode\sdk\cpp\V5\V5_20240802_15_00_00/vexv5\libv5rt.a(vex_motor.cpp.obj)
                0x03809c80                vex::motor::motor(long, vex::gearSetting, bool)
                0x03809c80                vex::motor::motor(long, vex::gearSetting, bool)
 *fill*         0x03809cb4        0x4 
 .text._ZN3vex5motor4spinENS_13directionTypeEdNS_12voltageUnitsE
                0x03809cb8       0x50 c:\Users\NRAI-02\AppData\Roaming\Code\User\globalStorage\vexrobotics.vexcode\sdk\cpp\V5\V5_20240802_15_00_00/vexv5\libv5rt.a(vex_motor.cpp.obj)
                0x03809cb8                vex::motor::spin(vex::directionType, double, vex::voltageUnits)
 .text._ZN3vex5motor4stopENS_9brakeTypeE
                0x03809d08       0x30 c:\Users\NRAI-02\AppData\Roaming\Code\User\globalStorage\vexrobotics.vexcode\sdk\cpp\V5\V5_20240802_15_00_00/vexv5\libv5rt.a(vex_motor.cpp.obj)
                0x03809d08                vex::motor::stop(vex::brakeType)
 .text._ZN3vex5motor4stopEv
                0x03809d38        0x8 c:\Users\NRAI-02\AppData\Roaming\Code\User\globalStorage\vexrobotics.vexcode\sdk\cpp\V5\V5_20240802_15_00_00/vexv5\libv5rt.a(vex_motor.cpp.obj)
                0x03809d38                vex::motor::stop()
 .text._ZN3vex5motor11temperatureENS_16temperatureUnitsE
                0x03809d40       0x40 c:\Users\NRAI-02\AppData\Roaming\Code\User\globalStorage\vexrobotics.vexcode\sdk\cpp\V5\V5_20240802_15_00_00/vexv5\libv5rt.a(vex_motor.cpp.obj)
                0x03809d40                vex::motor::temperature(vex::temperatureUnits)
 .text._ZN3vex5motor16velocityToScaledEdNS_13velocityUnitsE
                0x03809d80       0x5c c:\Users\NRAI-02\AppData\Roaming\Code\User\globalStorage\vexrobotics.vexcode\sdk\cpp\V5\V5_20240802_15_00_00/vexv5\libv5rt.a(vex_motor.cpp.obj)
                0x03809d80                vex::motor::velocityToScaled(double, vex::velocityUnits)
 .text._ZN3vex5motor8velocityENS_13velocityUnitsE
                0x03809ddc       0x30 c:\Users\NRAI-02\AppData\Roaming\Code\User\globalStorage\vexrobotics.vexcode\sdk\cpp\V5\V5_20240802_15_00_00/vexv5\libv5rt.a(vex_motor.cpp.obj)
                0x03809ddc                vex::motor::velocity(vex::velocityUnits)
 .text._ZN3vex5motor5valueEv
                0x03809e0c       0x1c c:\Users\NRAI-02\AppData\Roaming\Code\User\globalStorage\vexrobotics.vexcode\sdk\cpp\V5\V5_20240802_15_00_00/vexv5\libv5rt.a(vex_motor.cpp.obj)
                0x03809e0c                vex::motor::value()
 .text._ZN3vex5motor16scaledToVelocityEdNS_13velocityUnitsE
                0x03809e28       0xa4 c:\Users\NRAI-02\AppData\Roaming\Code\User\globalStorage\vexrobotics.vexcode\sdk\cpp\V5\V5_20240802_15_00_00/vexv5\libv5rt.a(vex_motor.cpp.obj)
                0x03809e28                vex::motor::scaledToVelocity(double, vex::velocityUnits)
 .text._ZN3vex5motor4spinENS_13directionTypeEdNS_13velocityUnitsE
                0x03809ecc       0x5c c:\Users\NRAI-02\AppData\Roaming\Code\User\globalStorage\vexrobotics.vexcode\sdk\cpp\V5\V5_20240802_15_00_00/vexv5\libv5rt.a(vex_motor.cpp.obj)
                0x03809ecc                vex::motor::spin(vex::directionType, double, vex::velocityUnits)
 .text._ZN3vex5motor16setRotationUnitsENS_13rotationUnitsE
                0x03809f28       0x1c c:\Users\NRAI-02\AppData\Roaming\Code\User\globalStorage\vexrobotics.vexcode\sdk\cpp\V5\V5_20240802_15_00_00/vexv5\libv5rt.a(vex_motor.cpp.obj)
                0x03809f28                vex::motor::setRotationUnits(vex::rotationUnits)
 .text._ZN3vex5motor11setPositionEdNS_13rotationUnitsE
                0x03809f44       0x44 c:\Users\NRAI-02\AppData\Roaming\Code\User\globalStorage\vexrobotics.vexcode\sdk\cpp\V5\V5_20240802_15_00_00/vexv5\libv5rt.a(vex_motor.cpp.obj)
                0x03809f44                vex::motor::setPosition(double, vex::rotationUnits)
 .text._ZN3vex5motor13resetPositionEv
                0x03809f88       0x20 c:\Users\NRAI-02\AppData\Roaming\Code\User\globalStorage\vexrobotics.vexcode\sdk\cpp\V5\V5_20240802_15_00_00/vexv5\libv5rt.a(vex_motor.cpp.obj)
                0x03809f88                vex::motor::resetPosition()
 .text._ZN3vex5motor8positionENS_13rotationUnitsE
                0x03809fa8       0x44 c:\Users\NRAI-02\AppData\Roaming\Code\User\globalStorage\vexrobotics.vexcode\sdk\cpp\V5\V5_20240802_15_00_00/vexv5\libv5rt.a(vex_motor.cpp.obj)
                0x03809fa8                vex::motor::position(vex::rotationUnits)
 .text._ZN3vex8inertial11getTurnTypeEv
                0x03809fec        0x8 c:\Users\NRAI-02\AppData\Roaming\Code\User\globalStorage\vexrobotics.vexcode\sdk\cpp\V5\V5_20240802_15_00_00/vexv5\libv5rt.a(vex_imu.cpp.obj)
                0x03809fec                vex::inertial::getTurnType()
 .text._ZThn16_N3vex8inertial11getTurnTypeEv
                0x03809ff4        0x8 c:\Users\NRAI-02\AppData\Roaming\Code\User\globalStorage\vexrobotics.vexcode\sdk\cpp\V5\V5_20240802_15_00_00/vexv5\libv5rt.a(vex_imu.cpp.obj)
                0x03809ff4                non-virtual thunk to vex::inertial::getTurnType()
 *fill*         0x03809ffc        0x4 
 .text._ZN3vex8inertial10setHeadingEdNS_13rotationUnitsE
                0x0380a000       0x58 c:\Users\NRAI-02\AppData\Roaming\Code\User\globalStorage\vexrobotics.vexcode\sdk\cpp\V5\V5_20240802_15_00_00/vexv5\libv5rt.a(vex_imu.cpp.obj)
                0x0380a000                vex::inertial::setHeading(double, vex::rotationUnits)
 .text._ZThn16_N3vex8inertial10setHeadingEdNS_13rotationUnitsE
                0x0380a058        0x8 c:\Users\NRAI-02\AppData\Roaming\Code\User\globalStorage\vexrobotics.vexcode\sdk\cpp\V5\V5_20240802_15_00_00/vexv5\libv5rt.a(vex_imu.cpp.obj)
                0x0380a058                non-virtual thunk to vex::inertial::setHeading(double, vex::rotationUnits)
 .text._ZN3vex8inertial11setRotationEdNS_13rotationUnitsE
                0x0380a060       0x58 c:\Users\NRAI-02\AppData\Roaming\Code\User\globalStorage\vexrobotics.vexcode\sdk\cpp\V5\V5_20240802_15_00_00/vexv5\libv5rt.a(vex_imu.cpp.obj)
                0x0380a060                vex::inertial::setRotation(double, vex::rotationUnits)
 .text._ZThn16_N3vex8inertial11setRotationEdNS_13rotationUnitsE
                0x0380a0b8        0x8 c:\Users\NRAI-02\AppData\Roaming\Code\User\globalStorage\vexrobotics.vexcode\sdk\cpp\V5\V5_20240802_15_00_00/vexv5\libv5rt.a(vex_imu.cpp.obj)
                0x0380a0b8                non-virtual thunk to vex::inertial::setRotation(double, vex::rotationUnits)
 .text._ZN3vex8inertialD2Ev
                0x0380a0c0       0x20 c:\Users\NRAI-02\AppData\Roaming\Code\User\globalStorage\vexrobotics.vexcode\sdk\cpp\V5\V5_20240802_15_00_00/vexv5\libv5rt.a(vex_imu.cpp.obj)
                0x0380a0c0                vex::inertial::~inertial()
                0x0380a0c0                vex::inertial::~inertial()
 .text._ZThn16_N3vex8inertialD1Ev
                0x0380a0e0        0x8 c:\Users\NRAI-02\AppData\Roaming\Code\User\globalStorage\vexrobotics.vexcode\sdk\cpp\V5\V5_20240802_15_00_00/vexv5\libv5rt.a(vex_imu.cpp.obj)
                0x0380a0e0                non-virtual thunk to vex::inertial::~inertial()
 .text._ZN3vex8inertialD0Ev
                0x0380a0e8       0x1c c:\Users\NRAI-02\AppData\Roaming\Code\User\globalStorage\vexrobotics.vexcode\sdk\cpp\V5\V5_20240802_15_00_00/vexv5\libv5rt.a(vex_imu.cpp.obj)
                0x0380a0e8                vex::inertial::~inertial()
 .text._ZThn16_N3vex8inertialD0Ev
                0x0380a104        0x8 c:\Users\NRAI-02\AppData\Roaming\Code\User\globalStorage\vexrobotics.vexcode\sdk\cpp\V5\V5_20240802_15_00_00/vexv5\libv5rt.a(vex_imu.cpp.obj)
                0x0380a104                non-virtual thunk to vex::inertial::~inertial()
 .text._ZN3vex8inertial9installedEv
                0x0380a10c       0x18 c:\Users\NRAI-02\AppData\Roaming\Code\User\globalStorage\vexrobotics.vexcode\sdk\cpp\V5\V5_20240802_15_00_00/vexv5\libv5rt.a(vex_imu.cpp.obj)
                0x0380a10c                vex::inertial::installed()
 .text._ZN3vex8inertial5angleENS_13rotationUnitsE
                0x0380a124       0x6c c:\Users\NRAI-02\AppData\Roaming\Code\User\globalStorage\vexrobotics.vexcode\sdk\cpp\V5\V5_20240802_15_00_00/vexv5\libv5rt.a(vex_imu.cpp.obj)
                0x0380a124                vex::inertial::angle(vex::rotationUnits)
 .text._ZThn16_N3vex8inertial5angleENS_13rotationUnitsE
                0x0380a190        0x8 c:\Users\NRAI-02\AppData\Roaming\Code\User\globalStorage\vexrobotics.vexcode\sdk\cpp\V5\V5_20240802_15_00_00/vexv5\libv5rt.a(vex_imu.cpp.obj)
                0x0380a190                non-virtual thunk to vex::inertial::angle(vex::rotationUnits)
 .text._ZN3vex8inertial7headingENS_13rotationUnitsE
                0x0380a198        0x4 c:\Users\NRAI-02\AppData\Roaming\Code\User\globalStorage\vexrobotics.vexcode\sdk\cpp\V5\V5_20240802_15_00_00/vexv5\libv5rt.a(vex_imu.cpp.obj)
                0x0380a198                vex::inertial::heading(vex::rotationUnits)
 .text._ZThn16_N3vex8inertial7headingENS_13rotationUnitsE
                0x0380a19c        0x8 c:\Users\NRAI-02\AppData\Roaming\Code\User\globalStorage\vexrobotics.vexcode\sdk\cpp\V5\V5_20240802_15_00_00/vexv5\libv5rt.a(vex_imu.cpp.obj)
                0x0380a19c                non-virtual thunk to vex::inertial::heading(vex::rotationUnits)
 .text._ZN3vex8inertial5valueEv
                0x0380a1a4       0x1c c:\Users\NRAI-02\AppData\Roaming\Code\User\globalStorage\vexrobotics.vexcode\sdk\cpp\V5\V5_20240802_15_00_00/vexv5\libv5rt.a(vex_imu.cpp.obj)
                0x0380a1a4                vex::inertial::value()
 .text._ZN3vex8inertial8rotationENS_13rotationUnitsE
                0x0380a1c0       0x48 c:\Users\NRAI-02\AppData\Roaming\Code\User\globalStorage\vexrobotics.vexcode\sdk\cpp\V5\V5_20240802_15_00_00/vexv5\libv5rt.a(vex_imu.cpp.obj)
                0x0380a1c0                vex::inertial::rotation(vex::rotationUnits)
 .text._ZThn16_N3vex8inertial8rotationENS_13rotationUnitsE
                0x0380a208        0x8 c:\Users\NRAI-02\AppData\Roaming\Code\User\globalStorage\vexrobotics.vexcode\sdk\cpp\V5\V5_20240802_15_00_00/vexv5\libv5rt.a(vex_imu.cpp.obj)
                0x0380a208                non-virtual thunk to vex::inertial::rotation(vex::rotationUnits)
 .text._ZN3vex8inertial13isCalibratingEv
                0x0380a210       0x38 c:\Users\NRAI-02\AppData\Roaming\Code\User\globalStorage\vexrobotics.vexcode\sdk\cpp\V5\V5_20240802_15_00_00/vexv5\libv5rt.a(vex_imu.cpp.obj)
                0x0380a210                vex::inertial::isCalibrating()
 .text._ZThn16_N3vex8inertial13isCalibratingEv
                0x0380a248        0x8 c:\Users\NRAI-02\AppData\Roaming\Code\User\globalStorage\vexrobotics.vexcode\sdk\cpp\V5\V5_20240802_15_00_00/vexv5\libv5rt.a(vex_imu.cpp.obj)
                0x0380a248                non-virtual thunk to vex::inertial::isCalibrating()
 .text._ZN3vex8inertialC2ElNS_8turnTypeE
                0x0380a250       0x4c c:\Users\NRAI-02\AppData\Roaming\Code\User\globalStorage\vexrobotics.vexcode\sdk\cpp\V5\V5_20240802_15_00_00/vexv5\libv5rt.a(vex_imu.cpp.obj)
                0x0380a250                vex::inertial::inertial(long, vex::turnType)
                0x0380a250                vex::inertial::inertial(long, vex::turnType)
 .text._ZN3vex8inertial16startCalibrationEl
                0x0380a29c       0x20 c:\Users\NRAI-02\AppData\Roaming\Code\User\globalStorage\vexrobotics.vexcode\sdk\cpp\V5\V5_20240802_15_00_00/vexv5\libv5rt.a(vex_imu.cpp.obj)
                0x0380a29c                vex::inertial::startCalibration(long)
 .text._ZN3vex8rotationD2Ev
                0x0380a2bc       0x20 c:\Users\NRAI-02\AppData\Roaming\Code\User\globalStorage\vexrobotics.vexcode\sdk\cpp\V5\V5_20240802_15_00_00/vexv5\libv5rt.a(vex_rotation.cpp.obj)
                0x0380a2bc                vex::rotation::~rotation()
                0x0380a2bc                vex::rotation::~rotation()
 .text._ZN3vex8rotationD0Ev
                0x0380a2dc       0x1c c:\Users\NRAI-02\AppData\Roaming\Code\User\globalStorage\vexrobotics.vexcode\sdk\cpp\V5\V5_20240802_15_00_00/vexv5\libv5rt.a(vex_rotation.cpp.obj)
                0x0380a2dc                vex::rotation::~rotation()
 .text._ZN3vex8rotation9installedEv
                0x0380a2f8       0x18 c:\Users\NRAI-02\AppData\Roaming\Code\User\globalStorage\vexrobotics.vexcode\sdk\cpp\V5\V5_20240802_15_00_00/vexv5\libv5rt.a(vex_rotation.cpp.obj)
                0x0380a2f8                vex::rotation::installed()
 .text._ZN3vex8rotation5valueEv
                0x0380a310        0x8 c:\Users\NRAI-02\AppData\Roaming\Code\User\globalStorage\vexrobotics.vexcode\sdk\cpp\V5\V5_20240802_15_00_00/vexv5\libv5rt.a(vex_rotation.cpp.obj)
                0x0380a310                vex::rotation::value()
 .text._ZN3vex8rotationC2Elb
                0x0380a318       0x30 c:\Users\NRAI-02\AppData\Roaming\Code\User\globalStorage\vexrobotics.vexcode\sdk\cpp\V5\V5_20240802_15_00_00/vexv5\libv5rt.a(vex_rotation.cpp.obj)
                0x0380a318                vex::rotation::rotation(long, bool)
                0x0380a318                vex::rotation::rotation(long, bool)
 .text._ZN3vex8rotation13resetPositionEv
                0x0380a348        0xc c:\Users\NRAI-02\AppData\Roaming\Code\User\globalStorage\vexrobotics.vexcode\sdk\cpp\V5\V5_20240802_15_00_00/vexv5\libv5rt.a(vex_rotation.cpp.obj)
                0x0380a348                vex::rotation::resetPosition()
 *fill*         0x0380a354        0x4 
 .text._ZN3vex8rotation8positionENS_13rotationUnitsE
                0x0380a358       0x50 c:\Users\NRAI-02\AppData\Roaming\Code\User\globalStorage\vexrobotics.vexcode\sdk\cpp\V5\V5_20240802_15_00_00/vexv5\libv5rt.a(vex_rotation.cpp.obj)
                0x0380a358                vex::rotation::position(vex::rotationUnits)
 .text._ZN3vex10controllerD2Ev
                0x0380a3a8        0x4 c:\Users\NRAI-02\AppData\Roaming\Code\User\globalStorage\vexrobotics.vexcode\sdk\cpp\V5\V5_20240802_15_00_00/vexv5\libv5rt.a(vex_controller.cpp.obj)
                0x0380a3a8                vex::controller::~controller()
                0x0380a3a8                vex::controller::~controller()
 .text._ZN3vex10controller5valueE19_V5_ControllerIndex
                0x0380a3ac        0x8 c:\Users\NRAI-02\AppData\Roaming\Code\User\globalStorage\vexrobotics.vexcode\sdk\cpp\V5\V5_20240802_15_00_00/vexv5\libv5rt.a(vex_controller.cpp.obj)
                0x0380a3ac                vex::controller::value(_V5_ControllerIndex)
 .text._ZNK3vex10controller6button8pressingEv
                0x0380a3b4       0xc8 c:\Users\NRAI-02\AppData\Roaming\Code\User\globalStorage\vexrobotics.vexcode\sdk\cpp\V5\V5_20240802_15_00_00/vexv5\libv5rt.a(vex_controller.cpp.obj)
                0x0380a3b4                vex::controller::button::pressing() const
 .text._ZNK3vex10controller6button7pressedEPFvvE
                0x0380a47c      0x108 c:\Users\NRAI-02\AppData\Roaming\Code\User\globalStorage\vexrobotics.vexcode\sdk\cpp\V5\V5_20240802_15_00_00/vexv5\libv5rt.a(vex_controller.cpp.obj)
                0x0380a47c                vex::controller::button::pressed(void (*)()) const
 .text._ZNK3vex10controller6button21_buttonToPressedEventEv
                0x0380a584       0x20 c:\Users\NRAI-02\AppData\Roaming\Code\User\globalStorage\vexrobotics.vexcode\sdk\cpp\V5\V5_20240802_15_00_00/vexv5\libv5rt.a(vex_controller.cpp.obj)
                0x0380a584                vex::controller::button::_buttonToPressedEvent() const
 .text._ZNK3vex10controller6button22_buttonToReleasedEventEv
                0x0380a5a4       0x20 c:\Users\NRAI-02\AppData\Roaming\Code\User\globalStorage\vexrobotics.vexcode\sdk\cpp\V5\V5_20240802_15_00_00/vexv5\libv5rt.a(vex_controller.cpp.obj)
                0x0380a5a4                vex::controller::button::_buttonToReleasedEvent() const
 .text._ZN3vex10controller6buttonC2ENS0_11tButtonTypeEPS0_
                0x0380a5c4       0x48 c:\Users\NRAI-02\AppData\Roaming\Code\User\globalStorage\vexrobotics.vexcode\sdk\cpp\V5\V5_20240802_15_00_00/vexv5\libv5rt.a(vex_controller.cpp.obj)
                0x0380a5c4                vex::controller::button::button(vex::controller::tButtonType, vex::controller*)
                0x0380a5c4                vex::controller::button::button(vex::controller::tButtonType, vex::controller*)
 .text._ZNK3vex10controller4axis5valueEv
                0x0380a60c       0x58 c:\Users\NRAI-02\AppData\Roaming\Code\User\globalStorage\vexrobotics.vexcode\sdk\cpp\V5\V5_20240802_15_00_00/vexv5\libv5rt.a(vex_controller.cpp.obj)
                0x0380a60c                vex::controller::axis::value() const
 .text._ZNK3vex10controller4axis8positionENS_12percentUnitsE
                0x0380a664       0x1c c:\Users\NRAI-02\AppData\Roaming\Code\User\globalStorage\vexrobotics.vexcode\sdk\cpp\V5\V5_20240802_15_00_00/vexv5\libv5rt.a(vex_controller.cpp.obj)
                0x0380a664                vex::controller::axis::position(vex::percentUnits) const
 .text._ZNK3vex10controller4axis23_joystickToChangedEventEv
                0x0380a680       0x20 c:\Users\NRAI-02\AppData\Roaming\Code\User\globalStorage\vexrobotics.vexcode\sdk\cpp\V5\V5_20240802_15_00_00/vexv5\libv5rt.a(vex_controller.cpp.obj)
                0x0380a680                vex::controller::axis::_joystickToChangedEvent() const
 .text._ZN3vex10controller4axisC2ENS0_9tAxisTypeEPS0_
                0x0380a6a0       0x2c c:\Users\NRAI-02\AppData\Roaming\Code\User\globalStorage\vexrobotics.vexcode\sdk\cpp\V5\V5_20240802_15_00_00/vexv5\libv5rt.a(vex_controller.cpp.obj)
                0x0380a6a0                vex::controller::axis::axis(vex::controller::tAxisType, vex::controller*)
                0x0380a6a0                vex::controller::axis::axis(vex::controller::tAxisType, vex::controller*)
 .text._ZN3vex10controllerC2ENS_14controllerTypeE
                0x0380a6cc      0x16c c:\Users\NRAI-02\AppData\Roaming\Code\User\globalStorage\vexrobotics.vexcode\sdk\cpp\V5\V5_20240802_15_00_00/vexv5\libv5rt.a(vex_controller.cpp.obj)
                0x0380a6cc                vex::controller::controller(vex::controllerType)
                0x0380a6cc                vex::controller::controller(vex::controllerType)
 .text._ZN3vex10controller3lcd15getControllerIdEv
                0x0380a838       0x10 c:\Users\NRAI-02\AppData\Roaming\Code\User\globalStorage\vexrobotics.vexcode\sdk\cpp\V5\V5_20240802_15_00_00/vexv5\libv5rt.a(vex_controller.cpp.obj)
                0x0380a838                vex::controller::lcd::getControllerId()
 .text._ZN3vex10controller3lcd9setCursorEll
                0x0380a848       0x40 c:\Users\NRAI-02\AppData\Roaming\Code\User\globalStorage\vexrobotics.vexcode\sdk\cpp\V5\V5_20240802_15_00_00/vexv5\libv5rt.a(vex_controller.cpp.obj)
                0x0380a848                vex::controller::lcd::setCursor(long, long)
 .text._ZN3vex10controller3lcd5printEPKcz
                0x0380a888       0x80 c:\Users\NRAI-02\AppData\Roaming\Code\User\globalStorage\vexrobotics.vexcode\sdk\cpp\V5\V5_20240802_15_00_00/vexv5\libv5rt.a(vex_controller.cpp.obj)
                0x0380a888                vex::controller::lcd::print(char const*, ...)
 .text._ZN3vex10controller3lcd9clearLineEi
                0x0380a908       0x80 c:\Users\NRAI-02\AppData\Roaming\Code\User\globalStorage\vexrobotics.vexcode\sdk\cpp\V5\V5_20240802_15_00_00/vexv5\libv5rt.a(vex_controller.cpp.obj)
                0x0380a908                vex::controller::lcd::clearLine(int)
 .text._ZN3vex10controller3lcd11clearScreenEv
                0x0380a988       0x5c c:\Users\NRAI-02\AppData\Roaming\Code\User\globalStorage\vexrobotics.vexcode\sdk\cpp\V5\V5_20240802_15_00_00/vexv5\libv5rt.a(vex_controller.cpp.obj)
                0x0380a988                vex::controller::lcd::clearScreen()
 .text._ZN3vex4taskC2EPFivE
                0x0380a9e4       0x5c c:\Users\NRAI-02\AppData\Roaming\Code\User\globalStorage\vexrobotics.vexcode\sdk\cpp\V5\V5_20240802_15_00_00/vexv5\libv5rt.a(vex_task.cpp.obj)
                0x0380a9e4                vex::task::task(int (*)())
                0x0380a9e4                vex::task::task(int (*)())
 .text._ZN3vex4taskD2Ev
                0x0380aa40        0x4 c:\Users\NRAI-02\AppData\Roaming\Code\User\globalStorage\vexrobotics.vexcode\sdk\cpp\V5\V5_20240802_15_00_00/vexv5\libv5rt.a(vex_task.cpp.obj)
                0x0380aa40                vex::task::~task()
                0x0380aa40                vex::task::~task()
 .text._ZN3vex4task4stopEPvi
                0x0380aa44       0x1c c:\Users\NRAI-02\AppData\Roaming\Code\User\globalStorage\vexrobotics.vexcode\sdk\cpp\V5\V5_20240802_15_00_00/vexv5\libv5rt.a(vex_task.cpp.obj)
                0x0380aa44                vex::task::stop(void*, int)
 .text._ZN3vex4task5sleepEm
                0x0380aa60        0x4 c:\Users\NRAI-02\AppData\Roaming\Code\User\globalStorage\vexrobotics.vexcode\sdk\cpp\V5\V5_20240802_15_00_00/vexv5\libv5rt.a(vex_task.cpp.obj)
                0x0380aa60                vex::task::sleep(unsigned long)
 .text._ZN3vex4task6_indexEPFivE
                0x0380aa64       0x14 c:\Users\NRAI-02\AppData\Roaming\Code\User\globalStorage\vexrobotics.vexcode\sdk\cpp\V5\V5_20240802_15_00_00/vexv5\libv5rt.a(vex_task.cpp.obj)
                0x0380aa64                vex::task::_index(int (*)())
 .text._ZN3vex4task8_stopAllEv
                0x0380aa78       0x3c c:\Users\NRAI-02\AppData\Roaming\Code\User\globalStorage\vexrobotics.vexcode\sdk\cpp\V5\V5_20240802_15_00_00/vexv5\libv5rt.a(vex_task.cpp.obj)
                0x0380aa78                vex::task::_stopAll()
 .text._ZN3vex6threadC2EPFivE
                0x0380aab4       0x5c c:\Users\NRAI-02\AppData\Roaming\Code\User\globalStorage\vexrobotics.vexcode\sdk\cpp\V5\V5_20240802_15_00_00/vexv5\libv5rt.a(vex_thread.cpp.obj)
                0x0380aab4                vex::thread::thread(int (*)())
                0x0380aab4                vex::thread::thread(int (*)())
 .text._ZN3vex6threadD2Ev
                0x0380ab10        0x4 c:\Users\NRAI-02\AppData\Roaming\Code\User\globalStorage\vexrobotics.vexcode\sdk\cpp\V5\V5_20240802_15_00_00/vexv5\libv5rt.a(vex_thread.cpp.obj)
                0x0380ab10                vex::thread::~thread()
                0x0380ab10                vex::thread::~thread()
 .text._ZN3vex6thread9interruptEv
                0x0380ab14       0x18 c:\Users\NRAI-02\AppData\Roaming\Code\User\globalStorage\vexrobotics.vexcode\sdk\cpp\V5\V5_20240802_15_00_00/vexv5\libv5rt.a(vex_thread.cpp.obj)
                0x0380ab14                vex::thread::interrupt()
 .text._ZN3vex11this_thread9sleep_forEm
                0x0380ab2c        0x4 c:\Users\NRAI-02\AppData\Roaming\Code\User\globalStorage\vexrobotics.vexcode\sdk\cpp\V5\V5_20240802_15_00_00/vexv5\libv5rt.a(vex_thread.cpp.obj)
                0x0380ab2c                vex::this_thread::sleep_for(unsigned long)
 .text._ZN3vex5event4initEmmPFvvE
                0x0380ab30        0x4 c:\Users\NRAI-02\AppData\Roaming\Code\User\globalStorage\vexrobotics.vexcode\sdk\cpp\V5\V5_20240802_15_00_00/vexv5\libv5rt.a(vex_event.cpp.obj)
                0x0380ab30                vex::event::init(unsigned long, unsigned long, void (*)())
 .text._ZN3vex5event4initEmmPFvPvES1_
                0x0380ab34        0x4 c:\Users\NRAI-02\AppData\Roaming\Code\User\globalStorage\vexrobotics.vexcode\sdk\cpp\V5\V5_20240802_15_00_00/vexv5\libv5rt.a(vex_event.cpp.obj)
                0x0380ab34                vex::event::init(unsigned long, unsigned long, void (*)(void*), void*)
 .text._ZN3vex5event9userindexEv
                0x0380ab38        0x4 c:\Users\NRAI-02\AppData\Roaming\Code\User\globalStorage\vexrobotics.vexcode\sdk\cpp\V5\V5_20240802_15_00_00/vexv5\libv5rt.a(vex_event.cpp.obj)
                0x0380ab38                vex::event::userindex()
 .text._ZZN3vex6meventC4EmmENUlvE_4_FUNEv
                0x0380ab3c        0x4 c:\Users\NRAI-02\AppData\Roaming\Code\User\globalStorage\vexrobotics.vexcode\sdk\cpp\V5\V5_20240802_15_00_00/vexv5\libv5rt.a(vex_mevent.cpp.obj)
 .text._ZN3vex6meventC2Emm
                0x0380ab40       0x70 c:\Users\NRAI-02\AppData\Roaming\Code\User\globalStorage\vexrobotics.vexcode\sdk\cpp\V5\V5_20240802_15_00_00/vexv5\libv5rt.a(vex_mevent.cpp.obj)
                0x0380ab40                vex::mevent::mevent(unsigned long, unsigned long)
                0x0380ab40                vex::mevent::mevent(unsigned long, unsigned long)
 .text._ZL9_hexDigitc
                0x0380abb0       0x48 c:\Users\NRAI-02\AppData\Roaming\Code\User\globalStorage\vexrobotics.vexcode\sdk\cpp\V5\V5_20240802_15_00_00/vexv5\libv5rt.a(vex_brain.cpp.obj)
 .text._ZN3vex5brain9_getIndexEv
                0x0380abf8       0x10 c:\Users\NRAI-02\AppData\Roaming\Code\User\globalStorage\vexrobotics.vexcode\sdk\cpp\V5\V5_20240802_15_00_00/vexv5\libv5rt.a(vex_brain.cpp.obj)
                0x0380abf8                vex::brain::_getIndex()
 .text._ZN3vex5brain5timerENS_9timeUnitsE
                0x0380ac08        0x8 c:\Users\NRAI-02\AppData\Roaming\Code\User\globalStorage\vexrobotics.vexcode\sdk\cpp\V5\V5_20240802_15_00_00/vexv5\libv5rt.a(vex_brain.cpp.obj)
                0x0380ac08                vex::brain::timer(vex::timeUnits)
 .text._ZN3vex5brain3lcd9setCursorEll
                0x0380ac10       0x44 c:\Users\NRAI-02\AppData\Roaming\Code\User\globalStorage\vexrobotics.vexcode\sdk\cpp\V5\V5_20240802_15_00_00/vexv5\libv5rt.a(vex_brain.cpp.obj)
                0x0380ac10                vex::brain::lcd::setCursor(long, long)
 .text._ZN3vex5brain3lcd7setFontENS_8fontTypeE
                0x0380ac54      0x23c c:\Users\NRAI-02\AppData\Roaming\Code\User\globalStorage\vexrobotics.vexcode\sdk\cpp\V5\V5_20240802_15_00_00/vexv5\libv5rt.a(vex_brain.cpp.obj)
                0x0380ac54                vex::brain::lcd::setFont(vex::fontType)
 .text._ZN3vex5brain3lcdC2Ev
                0x0380ae90       0x94 c:\Users\NRAI-02\AppData\Roaming\Code\User\globalStorage\vexrobotics.vexcode\sdk\cpp\V5\V5_20240802_15_00_00/vexv5\libv5rt.a(vex_brain.cpp.obj)
                0x0380ae90                vex::brain::lcd::lcd()
                0x0380ae90                vex::brain::lcd::lcd()
 .text._ZN3vex5brainC2Ev
                0x0380af24       0x3c c:\Users\NRAI-02\AppData\Roaming\Code\User\globalStorage\vexrobotics.vexcode\sdk\cpp\V5\V5_20240802_15_00_00/vexv5\libv5rt.a(vex_brain.cpp.obj)
                0x0380af24                vex::brain::brain()
                0x0380af24                vex::brain::brain()
 .text._ZN3vex5brain3lcd11setPenWidthEm
                0x0380af60       0x24 c:\Users\NRAI-02\AppData\Roaming\Code\User\globalStorage\vexrobotics.vexcode\sdk\cpp\V5\V5_20240802_15_00_00/vexv5\libv5rt.a(vex_brain.cpp.obj)
                0x0380af60                vex::brain::lcd::setPenWidth(unsigned long)
 .text._ZN3vex5brain3lcd14getStringWidthEPKc
                0x0380af84        0x8 c:\Users\NRAI-02\AppData\Roaming\Code\User\globalStorage\vexrobotics.vexcode\sdk\cpp\V5\V5_20240802_15_00_00/vexv5\libv5rt.a(vex_brain.cpp.obj)
                0x0380af84                vex::brain::lcd::getStringWidth(char const*)
 .text._ZN3vex5brain3lcd15getStringHeightEPKc
                0x0380af8c        0x8 c:\Users\NRAI-02\AppData\Roaming\Code\User\globalStorage\vexrobotics.vexcode\sdk\cpp\V5\V5_20240802_15_00_00/vexv5\libv5rt.a(vex_brain.cpp.obj)
                0x0380af8c                vex::brain::lcd::getStringHeight(char const*)
 .text._ZN3vex5brain3lcd7printAtEllPKcz
                0x0380af94       0x54 c:\Users\NRAI-02\AppData\Roaming\Code\User\globalStorage\vexrobotics.vexcode\sdk\cpp\V5\V5_20240802_15_00_00/vexv5\libv5rt.a(vex_brain.cpp.obj)
                0x0380af94                vex::brain::lcd::printAt(long, long, char const*, ...)
 .text._ZN3vex5brain3lcd7printAtEllbPKcz
                0x0380afe8       0x4c c:\Users\NRAI-02\AppData\Roaming\Code\User\globalStorage\vexrobotics.vexcode\sdk\cpp\V5\V5_20240802_15_00_00/vexv5\libv5rt.a(vex_brain.cpp.obj)
                0x0380afe8                vex::brain::lcd::printAt(long, long, bool, char const*, ...)
 .text._ZN3vex5brain3lcd12_clearScreenEm
                0x0380b034       0x38 c:\Users\NRAI-02\AppData\Roaming\Code\User\globalStorage\vexrobotics.vexcode\sdk\cpp\V5\V5_20240802_15_00_00/vexv5\libv5rt.a(vex_brain.cpp.obj)
                0x0380b034                vex::brain::lcd::_clearScreen(unsigned long)
 .text._ZN3vex5brain3lcd11clearScreenERKNS_5colorE
                0x0380b06c       0x20 c:\Users\NRAI-02\AppData\Roaming\Code\User\globalStorage\vexrobotics.vexcode\sdk\cpp\V5\V5_20240802_15_00_00/vexv5\libv5rt.a(vex_brain.cpp.obj)
                0x0380b06c                vex::brain::lcd::clearScreen(vex::color const&)
 .text._ZN3vex5brain3lcd11clearScreenEv
                0x0380b08c       0x2c c:\Users\NRAI-02\AppData\Roaming\Code\User\globalStorage\vexrobotics.vexcode\sdk\cpp\V5\V5_20240802_15_00_00/vexv5\libv5rt.a(vex_brain.cpp.obj)
                0x0380b08c                vex::brain::lcd::clearScreen()
 .text._ZN3vex5brain3lcd9drawPixelEii
                0x0380b0b8       0x14 c:\Users\NRAI-02\AppData\Roaming\Code\User\globalStorage\vexrobotics.vexcode\sdk\cpp\V5\V5_20240802_15_00_00/vexv5\libv5rt.a(vex_brain.cpp.obj)
                0x0380b0b8                vex::brain::lcd::drawPixel(int, int)
 .text._ZN3vex5brain3lcd8drawLineEiiii
                0x0380b0cc      0x2c4 c:\Users\NRAI-02\AppData\Roaming\Code\User\globalStorage\vexrobotics.vexcode\sdk\cpp\V5\V5_20240802_15_00_00/vexv5\libv5rt.a(vex_brain.cpp.obj)
                0x0380b0cc                vex::brain::lcd::drawLine(int, int, int, int)
 .text._ZN3vex5brain3lcd13drawRectangleEiiii
                0x0380b390       0xdc c:\Users\NRAI-02\AppData\Roaming\Code\User\globalStorage\vexrobotics.vexcode\sdk\cpp\V5\V5_20240802_15_00_00/vexv5\libv5rt.a(vex_brain.cpp.obj)
                0x0380b390                vex::brain::lcd::drawRectangle(int, int, int, int)
 .text._ZN3vex5brain3lcd14_drawRectangleEiiiim
                0x0380b46c       0x74 c:\Users\NRAI-02\AppData\Roaming\Code\User\globalStorage\vexrobotics.vexcode\sdk\cpp\V5\V5_20240802_15_00_00/vexv5\libv5rt.a(vex_brain.cpp.obj)
                0x0380b46c                vex::brain::lcd::_drawRectangle(int, int, int, int, unsigned long)
 .text._ZN3vex5brain3lcd10drawCircleEiii
                0x0380b4e0       0xa4 c:\Users\NRAI-02\AppData\Roaming\Code\User\globalStorage\vexrobotics.vexcode\sdk\cpp\V5\V5_20240802_15_00_00/vexv5\libv5rt.a(vex_brain.cpp.obj)
                0x0380b4e0                vex::brain::lcd::drawCircle(int, int, int)
 .text._ZN3vex5brain3lcd11_drawCircleEiiim
                0x0380b584       0x60 c:\Users\NRAI-02\AppData\Roaming\Code\User\globalStorage\vexrobotics.vexcode\sdk\cpp\V5\V5_20240802_15_00_00/vexv5\libv5rt.a(vex_brain.cpp.obj)
                0x0380b584                vex::brain::lcd::_drawCircle(int, int, int, unsigned long)
 .text._ZN3vex5brain3lcd9xPositionEv
                0x0380b5e4       0x24 c:\Users\NRAI-02\AppData\Roaming\Code\User\globalStorage\vexrobotics.vexcode\sdk\cpp\V5\V5_20240802_15_00_00/vexv5\libv5rt.a(vex_brain.cpp.obj)
                0x0380b5e4                vex::brain::lcd::xPosition()
 .text._ZN3vex5brain3lcd9yPositionEv
                0x0380b608       0x24 c:\Users\NRAI-02\AppData\Roaming\Code\User\globalStorage\vexrobotics.vexcode\sdk\cpp\V5\V5_20240802_15_00_00/vexv5\libv5rt.a(vex_brain.cpp.obj)
                0x0380b608                vex::brain::lcd::yPosition()
 .text._ZN3vex5brain3lcd8pressingEv
                0x0380b62c       0x20 c:\Users\NRAI-02\AppData\Roaming\Code\User\globalStorage\vexrobotics.vexcode\sdk\cpp\V5\V5_20240802_15_00_00/vexv5\libv5rt.a(vex_brain.cpp.obj)
                0x0380b62c                vex::brain::lcd::pressing()
 .text._ZN3vex5brain3lcd6renderEv
                0x0380b64c        0xc c:\Users\NRAI-02\AppData\Roaming\Code\User\globalStorage\vexrobotics.vexcode\sdk\cpp\V5\V5_20240802_15_00_00/vexv5\libv5rt.a(vex_brain.cpp.obj)
                0x0380b64c                vex::brain::lcd::render()
 .text._ZN3vex5brain3lcd20_validateImageBufferEPh
                0x0380b658       0x58 c:\Users\NRAI-02\AppData\Roaming\Code\User\globalStorage\vexrobotics.vexcode\sdk\cpp\V5\V5_20240802_15_00_00/vexv5\libv5rt.a(vex_brain.cpp.obj)
                0x0380b658                vex::brain::lcd::_validateImageBuffer(unsigned char*)
 .text._ZN3vex5brain3lcd17drawImageFromFileEPKcii
                0x0380b6b0      0x240 c:\Users\NRAI-02\AppData\Roaming\Code\User\globalStorage\vexrobotics.vexcode\sdk\cpp\V5\V5_20240802_15_00_00/vexv5\libv5rt.a(vex_brain.cpp.obj)
                0x0380b6b0                vex::brain::lcd::drawImageFromFile(char const*, int, int)
 .text._ZN3vex5brain3lcd10rowToPixelEl
                0x0380b8f0       0x34 c:\Users\NRAI-02\AppData\Roaming\Code\User\globalStorage\vexrobotics.vexcode\sdk\cpp\V5\V5_20240802_15_00_00/vexv5\libv5rt.a(vex_brain.cpp.obj)
                0x0380b8f0                vex::brain::lcd::rowToPixel(long)
 .text._ZN3vex5brain3lcd9clearLineEi
                0x0380b924       0x5c c:\Users\NRAI-02\AppData\Roaming\Code\User\globalStorage\vexrobotics.vexcode\sdk\cpp\V5\V5_20240802_15_00_00/vexv5\libv5rt.a(vex_brain.cpp.obj)
                0x0380b924                vex::brain::lcd::clearLine(int)
 .text._ZN3vex5brain3lcd5printEPKcz
                0x0380b980       0xb8 c:\Users\NRAI-02\AppData\Roaming\Code\User\globalStorage\vexrobotics.vexcode\sdk\cpp\V5\V5_20240802_15_00_00/vexv5\libv5rt.a(vex_brain.cpp.obj)
                0x0380b980                vex::brain::lcd::print(char const*, ...)
 .text._ZN3vex5brain3lcd13webColorToRgbEPKc
                0x0380ba38       0x9c c:\Users\NRAI-02\AppData\Roaming\Code\User\globalStorage\vexrobotics.vexcode\sdk\cpp\V5\V5_20240802_15_00_00/vexv5\libv5rt.a(vex_brain.cpp.obj)
                0x0380ba38                vex::brain::lcd::webColorToRgb(char const*)
 .text._ZN3vex5brain3lcd11setPenColorEPKc
                0x0380bad4       0x10 c:\Users\NRAI-02\AppData\Roaming\Code\User\globalStorage\vexrobotics.vexcode\sdk\cpp\V5\V5_20240802_15_00_00/vexv5\libv5rt.a(vex_brain.cpp.obj)
                0x0380bad4                vex::brain::lcd::setPenColor(char const*)
 .text._ZN3vex5brain3lcd13drawRectangleEiiiiPKc
                0x0380bae4       0x54 c:\Users\NRAI-02\AppData\Roaming\Code\User\globalStorage\vexrobotics.vexcode\sdk\cpp\V5\V5_20240802_15_00_00/vexv5\libv5rt.a(vex_brain.cpp.obj)
                0x0380bae4                vex::brain::lcd::drawRectangle(int, int, int, int, char const*)
 .text._ZN3vex5brain3lcd10drawCircleEiiiPKc
                0x0380bb38       0x4c c:\Users\NRAI-02\AppData\Roaming\Code\User\globalStorage\vexrobotics.vexcode\sdk\cpp\V5\V5_20240802_15_00_00/vexv5\libv5rt.a(vex_brain.cpp.obj)
                0x0380bb38                vex::brain::lcd::drawCircle(int, int, int, char const*)
 .text._ZN3vex5brain7battery8capacityENS_12percentUnitsE
                0x0380bb84       0x18 c:\Users\NRAI-02\AppData\Roaming\Code\User\globalStorage\vexrobotics.vexcode\sdk\cpp\V5\V5_20240802_15_00_00/vexv5\libv5rt.a(vex_brain.cpp.obj)
                0x0380bb84                vex::brain::battery::capacity(vex::percentUnits)
 .text._ZN3vex5brainD2Ev
                0x0380bb9c       0x20 c:\Users\NRAI-02\AppData\Roaming\Code\User\globalStorage\vexrobotics.vexcode\sdk\cpp\V5\V5_20240802_15_00_00/vexv5\libv5rt.a(vex_brain.cpp.obj)
                0x0380bb9c                vex::brain::~brain()
                0x0380bb9c                vex::brain::~brain()
 .text._ZN3vex11competition8_disableEPv
                0x0380bbbc       0xa4 c:\Users\NRAI-02\AppData\Roaming\Code\User\globalStorage\vexrobotics.vexcode\sdk\cpp\V5\V5_20240802_15_00_00/vexv5\libv5rt.a(vex_competition.cpp.obj)
                0x0380bbbc                vex::competition::_disable(void*)
 .text._ZN3vex11competition11_autonomousEv
                0x0380bc60       0x80 c:\Users\NRAI-02\AppData\Roaming\Code\User\globalStorage\vexrobotics.vexcode\sdk\cpp\V5\V5_20240802_15_00_00/vexv5\libv5rt.a(vex_competition.cpp.obj)
                0x0380bc60                vex::competition::_autonomous()
 .text._ZN3vex11competition14_drivercontrolEv
                0x0380bce0       0x80 c:\Users\NRAI-02\AppData\Roaming\Code\User\globalStorage\vexrobotics.vexcode\sdk\cpp\V5\V5_20240802_15_00_00/vexv5\libv5rt.a(vex_competition.cpp.obj)
                0x0380bce0                vex::competition::_drivercontrol()
 .text._ZN3vex11competitionC2Ev
                0x0380bd60      0x13c c:\Users\NRAI-02\AppData\Roaming\Code\User\globalStorage\vexrobotics.vexcode\sdk\cpp\V5\V5_20240802_15_00_00/vexv5\libv5rt.a(vex_competition.cpp.obj)
                0x0380bd60                vex::competition::competition()
                0x0380bd60                vex::competition::competition()
 .text._ZN3vex11competitionD2Ev
                0x0380be9c        0x4 c:\Users\NRAI-02\AppData\Roaming\Code\User\globalStorage\vexrobotics.vexcode\sdk\cpp\V5\V5_20240802_15_00_00/vexv5\libv5rt.a(vex_competition.cpp.obj)
                0x0380be9c                vex::competition::~competition()
                0x0380be9c                vex::competition::~competition()
 .text._ZN3vex11competition10autonomousEPFvvE
                0x0380bea0       0x44 c:\Users\NRAI-02\AppData\Roaming\Code\User\globalStorage\vexrobotics.vexcode\sdk\cpp\V5\V5_20240802_15_00_00/vexv5\libv5rt.a(vex_competition.cpp.obj)
                0x0380bea0                vex::competition::autonomous(void (*)())
 .text._ZN3vex11competition13drivercontrolEPFvvE
                0x0380bee4       0x44 c:\Users\NRAI-02\AppData\Roaming\Code\User\globalStorage\vexrobotics.vexcode\sdk\cpp\V5\V5_20240802_15_00_00/vexv5\libv5rt.a(vex_competition.cpp.obj)
                0x0380bee4                vex::competition::drivercontrol(void (*)())
 .text._ZN3vex7triportD2Ev
                0x0380bf28       0x38 c:\Users\NRAI-02\AppData\Roaming\Code\User\globalStorage\vexrobotics.vexcode\sdk\cpp\V5\V5_20240802_15_00_00/vexv5\libv5rt.a(vex_triport.cpp.obj)
                0x0380bf28                vex::triport::~triport()
                0x0380bf28                vex::triport::~triport()
 .text._ZN3vex7triportD0Ev
                0x0380bf60       0x1c c:\Users\NRAI-02\AppData\Roaming\Code\User\globalStorage\vexrobotics.vexcode\sdk\cpp\V5\V5_20240802_15_00_00/vexv5\libv5rt.a(vex_triport.cpp.obj)
                0x0380bf60                vex::triport::~triport()
 .text._ZN3vex7triport9installedEv
                0x0380bf7c       0x18 c:\Users\NRAI-02\AppData\Roaming\Code\User\globalStorage\vexrobotics.vexcode\sdk\cpp\V5\V5_20240802_15_00_00/vexv5\libv5rt.a(vex_triport.cpp.obj)
                0x0380bf7c                vex::triport::installed()
 .text._ZN3vex7triport4portC2ElPS0_
                0x0380bf94       0x74 c:\Users\NRAI-02\AppData\Roaming\Code\User\globalStorage\vexrobotics.vexcode\sdk\cpp\V5\V5_20240802_15_00_00/vexv5\libv5rt.a(vex_triport.cpp.obj)
                0x0380bf94                vex::triport::port::port(long, vex::triport*)
                0x0380bf94                vex::triport::port::port(long, vex::triport*)
 .text._ZN3vex7triportC2El
                0x0380c008       0xf0 c:\Users\NRAI-02\AppData\Roaming\Code\User\globalStorage\vexrobotics.vexcode\sdk\cpp\V5\V5_20240802_15_00_00/vexv5\libv5rt.a(vex_triport.cpp.obj)
                0x0380c008                vex::triport::triport(long)
                0x0380c008                vex::triport::triport(long)
 .text._ZN3vex7triport4port4typeENS_11triportTypeE
                0x0380c0f8       0x30 c:\Users\NRAI-02\AppData\Roaming\Code\User\globalStorage\vexrobotics.vexcode\sdk\cpp\V5\V5_20240802_15_00_00/vexv5\libv5rt.a(vex_triport.cpp.obj)
                0x0380c0f8                vex::triport::port::type(vex::triportType)
 .text._ZN3vex7triport4port4typeEv
                0x0380c128       0x38 c:\Users\NRAI-02\AppData\Roaming\Code\User\globalStorage\vexrobotics.vexcode\sdk\cpp\V5\V5_20240802_15_00_00/vexv5\libv5rt.a(vex_triport.cpp.obj)
                0x0380c128                vex::triport::port::type()
 .text._ZN3vex7triport4port5valueEv
                0x0380c160       0x14 c:\Users\NRAI-02\AppData\Roaming\Code\User\globalStorage\vexrobotics.vexcode\sdk\cpp\V5\V5_20240802_15_00_00/vexv5\libv5rt.a(vex_triport.cpp.obj)
                0x0380c160                vex::triport::port::value()
 .text._ZN3vex7triport4port5valueEl
                0x0380c174       0x18 c:\Users\NRAI-02\AppData\Roaming\Code\User\globalStorage\vexrobotics.vexcode\sdk\cpp\V5\V5_20240802_15_00_00/vexv5\libv5rt.a(vex_triport.cpp.obj)
                0x0380c174                vex::triport::port::value(long)
 .text._ZN3vex11__trideviceC2ERNS_7triport4portENS_11triportTypeE
                0x0380c18c       0x5c c:\Users\NRAI-02\AppData\Roaming\Code\User\globalStorage\vexrobotics.vexcode\sdk\cpp\V5\V5_20240802_15_00_00/vexv5\libv5rt.a(vex_triport.cpp.obj)
                0x0380c18c                vex::__tridevice::__tridevice(vex::triport::port&, vex::triportType)
                0x0380c18c                vex::__tridevice::__tridevice(vex::triport::port&, vex::triportType)
 .text._ZN3vex11digital_outC2ERNS_7triport4portE
                0x0380c1e8       0x18 c:\Users\NRAI-02\AppData\Roaming\Code\User\globalStorage\vexrobotics.vexcode\sdk\cpp\V5\V5_20240802_15_00_00/vexv5\libv5rt.a(vex_triport.cpp.obj)
                0x0380c1e8                vex::digital_out::digital_out(vex::triport::port&)
                0x0380c1e8                vex::digital_out::digital_out(vex::triport::port&)
 .text._ZN3vex11digital_outD2Ev
                0x0380c200        0x4 c:\Users\NRAI-02\AppData\Roaming\Code\User\globalStorage\vexrobotics.vexcode\sdk\cpp\V5\V5_20240802_15_00_00/vexv5\libv5rt.a(vex_triport.cpp.obj)
                0x0380c200                vex::digital_out::~digital_out()
                0x0380c200                vex::digital_out::~digital_out()
 .text._ZN3vex11digital_out5valueEv
                0x0380c204        0x8 c:\Users\NRAI-02\AppData\Roaming\Code\User\globalStorage\vexrobotics.vexcode\sdk\cpp\V5\V5_20240802_15_00_00/vexv5\libv5rt.a(vex_triport.cpp.obj)
                0x0380c204                vex::digital_out::value()
 .text._ZN3vex11digital_out3setEb
                0x0380c20c        0x8 c:\Users\NRAI-02\AppData\Roaming\Code\User\globalStorage\vexrobotics.vexcode\sdk\cpp\V5\V5_20240802_15_00_00/vexv5\libv5rt.a(vex_triport.cpp.obj)
                0x0380c20c                vex::digital_out::set(bool)
 .text._ZN3vex5colorD2Ev
                0x0380c214        0x4 c:\Users\NRAI-02\AppData\Roaming\Code\User\globalStorage\vexrobotics.vexcode\sdk\cpp\V5\V5_20240802_15_00_00/vexv5\libv5rt.a(vex_color.cpp.obj)
                0x0380c214                vex::color::~color()
                0x0380c214                vex::color::~color()
 .text._ZNK3vex5colorcvmEv
                0x0380c218        0x8 c:\Users\NRAI-02\AppData\Roaming\Code\User\globalStorage\vexrobotics.vexcode\sdk\cpp\V5\V5_20240802_15_00_00/vexv5\libv5rt.a(vex_color.cpp.obj)
                0x0380c218                vex::color::operator unsigned long() const
 .text.startup._GLOBAL__sub_I__ZN3vex5color5blackE
                0x0380c220      0x164 c:\Users\NRAI-02\AppData\Roaming\Code\User\globalStorage\vexrobotics.vexcode\sdk\cpp\V5\V5_20240802_15_00_00/vexv5\libv5rt.a(vex_color.cpp.obj)
 .text._ZN3vex5timerD2Ev
                0x0380c384        0x4 c:\Users\NRAI-02\AppData\Roaming\Code\User\globalStorage\vexrobotics.vexcode\sdk\cpp\V5\V5_20240802_15_00_00/vexv5\libv5rt.a(vex_timer.cpp.obj)
                0x0380c384                vex::timer::~timer()
                0x0380c384                vex::timer::~timer()
 .text._ZN3vex5timer5clearEv
                0x0380c388       0x1c c:\Users\NRAI-02\AppData\Roaming\Code\User\globalStorage\vexrobotics.vexcode\sdk\cpp\V5\V5_20240802_15_00_00/vexv5\libv5rt.a(vex_timer.cpp.obj)
                0x0380c388                vex::timer::clear()
 .text._ZN3vex5timerC2Ev
                0x0380c3a4       0x14 c:\Users\NRAI-02\AppData\Roaming\Code\User\globalStorage\vexrobotics.vexcode\sdk\cpp\V5\V5_20240802_15_00_00/vexv5\libv5rt.a(vex_timer.cpp.obj)
                0x0380c3a4                vex::timer::timer()
                0x0380c3a4                vex::timer::timer()
 .text._ZNK3vex5timer4timeENS_9timeUnitsE
                0x0380c3b8       0x40 c:\Users\NRAI-02\AppData\Roaming\Code\User\globalStorage\vexrobotics.vexcode\sdk\cpp\V5\V5_20240802_15_00_00/vexv5\libv5rt.a(vex_timer.cpp.obj)
                0x0380c3b8                vex::timer::time(vex::timeUnits) const
 .text._ZN3vex11motor_group18motor_group_motorsC2Ev
                0x0380c3f8       0x28 c:\Users\NRAI-02\AppData\Roaming\Code\User\globalStorage\vexrobotics.vexcode\sdk\cpp\V5\V5_20240802_15_00_00/vexv5\libv5rt.a(vex_motorgroup.cpp.obj)
                0x0380c3f8                vex::motor_group::motor_group_motors::motor_group_motors()
                0x0380c3f8                vex::motor_group::motor_group_motors::motor_group_motors()
 .text._ZN3vex11motor_groupC2Ev
                0x0380c420       0x1c c:\Users\NRAI-02\AppData\Roaming\Code\User\globalStorage\vexrobotics.vexcode\sdk\cpp\V5\V5_20240802_15_00_00/vexv5\libv5rt.a(vex_motorgroup.cpp.obj)
                0x0380c420                vex::motor_group::motor_group()
                0x0380c420                vex::motor_group::motor_group()
 .text._ZN3vex11motor_groupD2Ev
                0x0380c43c        0x4 c:\Users\NRAI-02\AppData\Roaming\Code\User\globalStorage\vexrobotics.vexcode\sdk\cpp\V5\V5_20240802_15_00_00/vexv5\libv5rt.a(vex_motorgroup.cpp.obj)
                0x0380c43c                vex::motor_group::~motor_group()
                0x0380c43c                vex::motor_group::~motor_group()
 .text._ZN3vex11motor_group9_addMotorERNS_5motorE
                0x0380c440       0x20 c:\Users\NRAI-02\AppData\Roaming\Code\User\globalStorage\vexrobotics.vexcode\sdk\cpp\V5\V5_20240802_15_00_00/vexv5\libv5rt.a(vex_motorgroup.cpp.obj)
                0x0380c440                vex::motor_group::_addMotor(vex::motor&)
 .text._ZN3vex11motor_group4spinENS_13directionTypeEdNS_13velocityUnitsE
                0x0380c460       0x54 c:\Users\NRAI-02\AppData\Roaming\Code\User\globalStorage\vexrobotics.vexcode\sdk\cpp\V5\V5_20240802_15_00_00/vexv5\libv5rt.a(vex_motorgroup.cpp.obj)
                0x0380c460                vex::motor_group::spin(vex::directionType, double, vex::velocityUnits)
 .text._ZN3vex11motor_group4spinENS_13directionTypeEdNS_12voltageUnitsE
                0x0380c4b4       0x54 c:\Users\NRAI-02\AppData\Roaming\Code\User\globalStorage\vexrobotics.vexcode\sdk\cpp\V5\V5_20240802_15_00_00/vexv5\libv5rt.a(vex_motorgroup.cpp.obj)
                0x0380c4b4                vex::motor_group::spin(vex::directionType, double, vex::voltageUnits)
 .text._ZN3vex11motor_group4stopEv
                0x0380c508       0x30 c:\Users\NRAI-02\AppData\Roaming\Code\User\globalStorage\vexrobotics.vexcode\sdk\cpp\V5\V5_20240802_15_00_00/vexv5\libv5rt.a(vex_motorgroup.cpp.obj)
                0x0380c508                vex::motor_group::stop()
 .text._ZN3vex11motor_group4stopENS_9brakeTypeE
                0x0380c538       0x38 c:\Users\NRAI-02\AppData\Roaming\Code\User\globalStorage\vexrobotics.vexcode\sdk\cpp\V5\V5_20240802_15_00_00/vexv5\libv5rt.a(vex_motorgroup.cpp.obj)
                0x0380c538                vex::motor_group::stop(vex::brakeType)
 .text.vexAdiPortConfigSet
                0x0380c570       0x28 c:\Users\NRAI-02\AppData\Roaming\Code\User\globalStorage\vexrobotics.vexcode\sdk\cpp\V5\V5_20240802_15_00_00/vexv5\libv5rt.a(v5_apiuser.c.obj)
                0x0380c570                vexAdiPortConfigSet
 .text.vexAdiPortConfigGet
                0x0380c598       0x28 c:\Users\NRAI-02\AppData\Roaming\Code\User\globalStorage\vexrobotics.vexcode\sdk\cpp\V5\V5_20240802_15_00_00/vexv5\libv5rt.a(v5_apiuser.c.obj)
                0x0380c598                vexAdiPortConfigGet
 .text.vexAdiValueSet
                0x0380c5c0       0x28 c:\Users\NRAI-02\AppData\Roaming\Code\User\globalStorage\vexrobotics.vexcode\sdk\cpp\V5\V5_20240802_15_00_00/vexv5\libv5rt.a(v5_apiuser.c.obj)
                0x0380c5c0                vexAdiValueSet
 .text.vexAdiValueGet
                0x0380c5e8       0x20 c:\Users\NRAI-02\AppData\Roaming\Code\User\globalStorage\vexrobotics.vexcode\sdk\cpp\V5\V5_20240802_15_00_00/vexv5\libv5rt.a(v5_apiuser.c.obj)
                0x0380c5e8                vexAdiValueGet
 .text.vexMotorVelocitySet
                0x0380c608       0x20 c:\Users\NRAI-02\AppData\Roaming\Code\User\globalStorage\vexrobotics.vexcode\sdk\cpp\V5\V5_20240802_15_00_00/vexv5\libv5rt.a(v5_apiuser.c.obj)
                0x0380c608                vexMotorVelocitySet
 .text.vexMotorVoltageSet
                0x0380c628       0x20 c:\Users\NRAI-02\AppData\Roaming\Code\User\globalStorage\vexrobotics.vexcode\sdk\cpp\V5\V5_20240802_15_00_00/vexv5\libv5rt.a(v5_apiuser.c.obj)
                0x0380c628                vexMotorVoltageSet
 .text.vexMotorActualVelocityGet
                0x0380c648       0x24 c:\Users\NRAI-02\AppData\Roaming\Code\User\globalStorage\vexrobotics.vexcode\sdk\cpp\V5\V5_20240802_15_00_00/vexv5\libv5rt.a(v5_apiuser.c.obj)
                0x0380c648                vexMotorActualVelocityGet
 .text.vexMotorTemperatureGet
                0x0380c66c       0x24 c:\Users\NRAI-02\AppData\Roaming\Code\User\globalStorage\vexrobotics.vexcode\sdk\cpp\V5\V5_20240802_15_00_00/vexv5\libv5rt.a(v5_apiuser.c.obj)
                0x0380c66c                vexMotorTemperatureGet
 .text.vexMotorReverseFlagSet
                0x0380c690       0x20 c:\Users\NRAI-02\AppData\Roaming\Code\User\globalStorage\vexrobotics.vexcode\sdk\cpp\V5\V5_20240802_15_00_00/vexv5\libv5rt.a(v5_apiuser.c.obj)
                0x0380c690                vexMotorReverseFlagSet
 .text.vexMotorEncoderUnitsSet
                0x0380c6b0       0x20 c:\Users\NRAI-02\AppData\Roaming\Code\User\globalStorage\vexrobotics.vexcode\sdk\cpp\V5\V5_20240802_15_00_00/vexv5\libv5rt.a(v5_apiuser.c.obj)
                0x0380c6b0                vexMotorEncoderUnitsSet
 .text.vexMotorBrakeModeSet
                0x0380c6d0       0x20 c:\Users\NRAI-02\AppData\Roaming\Code\User\globalStorage\vexrobotics.vexcode\sdk\cpp\V5\V5_20240802_15_00_00/vexv5\libv5rt.a(v5_apiuser.c.obj)
                0x0380c6d0                vexMotorBrakeModeSet
 .text.vexMotorPositionSet
                0x0380c6f0       0x28 c:\Users\NRAI-02\AppData\Roaming\Code\User\globalStorage\vexrobotics.vexcode\sdk\cpp\V5\V5_20240802_15_00_00/vexv5\libv5rt.a(v5_apiuser.c.obj)
                0x0380c6f0                vexMotorPositionSet
 .text.vexMotorPositionGet
                0x0380c718       0x24 c:\Users\NRAI-02\AppData\Roaming\Code\User\globalStorage\vexrobotics.vexcode\sdk\cpp\V5\V5_20240802_15_00_00/vexv5\libv5rt.a(v5_apiuser.c.obj)
                0x0380c718                vexMotorPositionGet
 .text.vexMotorGearingSet
                0x0380c73c       0x20 c:\Users\NRAI-02\AppData\Roaming\Code\User\globalStorage\vexrobotics.vexcode\sdk\cpp\V5\V5_20240802_15_00_00/vexv5\libv5rt.a(v5_apiuser.c.obj)
                0x0380c73c                vexMotorGearingSet
 .text.vexMotorGearingGet
                0x0380c75c       0x18 c:\Users\NRAI-02\AppData\Roaming\Code\User\globalStorage\vexrobotics.vexcode\sdk\cpp\V5\V5_20240802_15_00_00/vexv5\libv5rt.a(v5_apiuser.c.obj)
                0x0380c75c                vexMotorGearingGet
 .text.vexImuReset
                0x0380c774       0x10 c:\Users\NRAI-02\AppData\Roaming\Code\User\globalStorage\vexrobotics.vexcode\sdk\cpp\V5\V5_20240802_15_00_00/vexv5\libv5rt.a(v5_apiuser.c.obj)
                0x0380c774                vexImuReset
 .text.vexImuHeadingGet
                0x0380c784       0x10 c:\Users\NRAI-02\AppData\Roaming\Code\User\globalStorage\vexrobotics.vexcode\sdk\cpp\V5\V5_20240802_15_00_00/vexv5\libv5rt.a(v5_apiuser.c.obj)
                0x0380c784                vexImuHeadingGet
 .text.vexImuDegreesGet
                0x0380c794       0x10 c:\Users\NRAI-02\AppData\Roaming\Code\User\globalStorage\vexrobotics.vexcode\sdk\cpp\V5\V5_20240802_15_00_00/vexv5\libv5rt.a(v5_apiuser.c.obj)
                0x0380c794                vexImuDegreesGet
 .text.vexImuStatusGet
                0x0380c7a4       0x10 c:\Users\NRAI-02\AppData\Roaming\Code\User\globalStorage\vexrobotics.vexcode\sdk\cpp\V5\V5_20240802_15_00_00/vexv5\libv5rt.a(v5_apiuser.c.obj)
                0x0380c7a4                vexImuStatusGet
 .text.vexAbsEncPositionSet
                0x0380c7b4       0x18 c:\Users\NRAI-02\AppData\Roaming\Code\User\globalStorage\vexrobotics.vexcode\sdk\cpp\V5\V5_20240802_15_00_00/vexv5\libv5rt.a(v5_apiuser.c.obj)
                0x0380c7b4                vexAbsEncPositionSet